Archive member included to satisfy reference by file (symbol)

/Applications/ArmGNUToolchain/14.2.rel1/arm-none-eabi/bin/../lib/gcc/arm-none-eabi/14.2.1/../../../../arm-none-eabi/lib/thumb/v7e-m+dp/hard/libc_nano.a(libc_a-exit.o)
                              /Applications/ArmGNUToolchain/14.2.rel1/arm-none-eabi/bin/../lib/gcc/arm-none-eabi/14.2.1/../../../../arm-none-eabi/lib/thumb/v7e-m+dp/hard/crt0.o (exit)
/Applications/ArmGNUToolchain/14.2.rel1/arm-none-eabi/bin/../lib/gcc/arm-none-eabi/14.2.1/../../../../arm-none-eabi/lib/thumb/v7e-m+dp/hard/libc_nano.a(libc_a-findfp.o)
                              /Applications/ArmGNUToolchain/14.2.rel1/arm-none-eabi/bin/../lib/gcc/arm-none-eabi/14.2.1/../../../../arm-none-eabi/lib/thumb/v7e-m+dp/hard/libc_nano.a(libc_a-exit.o) (__stdio_exit_handler)
/Applications/ArmGNUToolchain/14.2.rel1/arm-none-eabi/bin/../lib/gcc/arm-none-eabi/14.2.1/../../../../arm-none-eabi/lib/thumb/v7e-m+dp/hard/libc_nano.a(libc_a-fwalk.o)
                              /Applications/ArmGNUToolchain/14.2.rel1/arm-none-eabi/bin/../lib/gcc/arm-none-eabi/14.2.1/../../../../arm-none-eabi/lib/thumb/v7e-m+dp/hard/libc_nano.a(libc_a-findfp.o) (_fwalk_sglue)
/Applications/ArmGNUToolchain/14.2.rel1/arm-none-eabi/bin/../lib/gcc/arm-none-eabi/14.2.1/../../../../arm-none-eabi/lib/thumb/v7e-m+dp/hard/libc_nano.a(libc_a-memset.o)
                              /Applications/ArmGNUToolchain/14.2.rel1/arm-none-eabi/bin/../lib/gcc/arm-none-eabi/14.2.1/../../../../arm-none-eabi/lib/thumb/v7e-m+dp/hard/crt0.o (memset)
/Applications/ArmGNUToolchain/14.2.rel1/arm-none-eabi/bin/../lib/gcc/arm-none-eabi/14.2.1/../../../../arm-none-eabi/lib/thumb/v7e-m+dp/hard/libc_nano.a(libc_a-init.o)
                              /Applications/ArmGNUToolchain/14.2.rel1/arm-none-eabi/bin/../lib/gcc/arm-none-eabi/14.2.1/../../../../arm-none-eabi/lib/thumb/v7e-m+dp/hard/crt0.o (__libc_init_array)
/Applications/ArmGNUToolchain/14.2.rel1/arm-none-eabi/bin/../lib/gcc/arm-none-eabi/14.2.1/../../../../arm-none-eabi/lib/thumb/v7e-m+dp/hard/libc_nano.a(libc_a-lock.o)
                              /Applications/ArmGNUToolchain/14.2.rel1/arm-none-eabi/bin/../lib/gcc/arm-none-eabi/14.2.1/../../../../arm-none-eabi/lib/thumb/v7e-m+dp/hard/libc_nano.a(libc_a-findfp.o) (__retarget_lock_init_recursive)
/Applications/ArmGNUToolchain/14.2.rel1/arm-none-eabi/bin/../lib/gcc/arm-none-eabi/14.2.1/../../../../arm-none-eabi/lib/thumb/v7e-m+dp/hard/libc_nano.a(libc_a-impure.o)
                              /Applications/ArmGNUToolchain/14.2.rel1/arm-none-eabi/bin/../lib/gcc/arm-none-eabi/14.2.1/../../../../arm-none-eabi/lib/thumb/v7e-m+dp/hard/libc_nano.a(libc_a-findfp.o) (_impure_data)
/Applications/ArmGNUToolchain/14.2.rel1/arm-none-eabi/bin/../lib/gcc/arm-none-eabi/14.2.1/../../../../arm-none-eabi/lib/thumb/v7e-m+dp/hard/libc_nano.a(libc_a-ctype_.o)
                              build/Core/Hardware/SD/asyncfatfs/fat_standard.o (symbol from plugin) (_ctype_)
/Applications/ArmGNUToolchain/14.2.rel1/arm-none-eabi/bin/../lib/gcc/arm-none-eabi/14.2.1/../../../../arm-none-eabi/lib/thumb/v7e-m+dp/hard/libc_nano.a(libc_a-mallocr.o)
                              /Applications/ArmGNUToolchain/14.2.rel1/arm-none-eabi/bin/../lib/gcc/arm-none-eabi/14.2.1/../../../../arm-none-eabi/lib/thumb/v7e-m+dp/hard/libc_nano.a(libc_a-findfp.o) (_malloc_r)
/Applications/ArmGNUToolchain/14.2.rel1/arm-none-eabi/bin/../lib/gcc/arm-none-eabi/14.2.1/../../../../arm-none-eabi/lib/thumb/v7e-m+dp/hard/libc_nano.a(libc_a-fflush.o)
                              /Applications/ArmGNUToolchain/14.2.rel1/arm-none-eabi/bin/../lib/gcc/arm-none-eabi/14.2.1/../../../../arm-none-eabi/lib/thumb/v7e-m+dp/hard/libc_nano.a(libc_a-findfp.o) (_fflush_r)
/Applications/ArmGNUToolchain/14.2.rel1/arm-none-eabi/bin/../lib/gcc/arm-none-eabi/14.2.1/../../../../arm-none-eabi/lib/thumb/v7e-m+dp/hard/libc_nano.a(libc_a-mlock.o)
                              /Applications/ArmGNUToolchain/14.2.rel1/arm-none-eabi/bin/../lib/gcc/arm-none-eabi/14.2.1/../../../../arm-none-eabi/lib/thumb/v7e-m+dp/hard/libc_nano.a(libc_a-mallocr.o) (__malloc_lock)
/Applications/ArmGNUToolchain/14.2.rel1/arm-none-eabi/bin/../lib/gcc/arm-none-eabi/14.2.1/../../../../arm-none-eabi/lib/thumb/v7e-m+dp/hard/libc_nano.a(libc_a-stdio.o)
                              /Applications/ArmGNUToolchain/14.2.rel1/arm-none-eabi/bin/../lib/gcc/arm-none-eabi/14.2.1/../../../../arm-none-eabi/lib/thumb/v7e-m+dp/hard/libc_nano.a(libc_a-findfp.o) (__sread)
/Applications/ArmGNUToolchain/14.2.rel1/arm-none-eabi/bin/../lib/gcc/arm-none-eabi/14.2.1/../../../../arm-none-eabi/lib/thumb/v7e-m+dp/hard/libc_nano.a(libc_a-lseekr.o)
                              /Applications/ArmGNUToolchain/14.2.rel1/arm-none-eabi/bin/../lib/gcc/arm-none-eabi/14.2.1/../../../../arm-none-eabi/lib/thumb/v7e-m+dp/hard/libc_nano.a(libc_a-stdio.o) (_lseek_r)
[...]
Memory Configuration

Name             Origin             Length             Attributes
ITCM             0x00000000         0x00004000         xr
FLASH            0x08008000         0x00078000         xr
DTCM             0x20000000         0x00020000         xrw
SRAM1            0x20020000         0x0005c000         xrw
*default*        0x00000000         0xffffffff

Linker script and memory map

LOAD /Applications/ArmGNUToolchain/14.2.rel1/arm-none-eabi/bin/../lib/gcc/arm-none-eabi/14.2.1/thumb/v7e-m+dp/hard/crti.o
LOAD /Applications/ArmGNUToolchain/14.2.rel1/arm-none-eabi/bin/../lib/gcc/arm-none-eabi/14.2.1/thumb/v7e-m+dp/hard/crtbegin.o
LOAD /Applications/ArmGNUToolchain/14.2.rel1/arm-none-eabi/bin/../lib/gcc/arm-none-eabi/14.2.1/../../../../arm-none-eabi/lib/thumb/v7e-m+dp/hard/crt0.o
LOAD build/main.o
LOAD /var/folders/5t/gqlg8s7s353ffpt3yk87z4000000gn/T//cc96Q9Ew.ltrans0.ltrans.o
LOAD /var/folders/5t/gqlg8s7s353ffpt3yk87z4000000gn/T//cc96Q9Ew.ltrans1.ltrans.o
LOAD /var/folders/5t/gqlg8s7s353ffpt3yk87z4000000gn/T//cc96Q9Ew.ltrans2.ltrans.o
LOAD build/Core/Hardware/AudioCodecManager.o
LOAD build/Core/Hardware/memtest.o
LOAD build/Core/Hardware/triggerJacks.o
LOAD build/Core/Hardware/clocks.o
LOAD build/Core/Hardware/timebase.o
LOAD build/Core/Hardware/frontPanel/buttonHandler.o
LOAD build/Core/Hardware/frontPanel/lcd.o
LOAD build/Core/Hardware/frontPanel/ledHandler.o
LOAD build/Core/Hardware/frontPanel/IO/adcPots.o
LOAD build/Core/Hardware/frontPanel/IO/din.o
LOAD build/Core/Hardware/frontPanel/IO/dout.o
LOAD build/Core/Hardware/frontPanel/IO/encoder.o
LOAD build/Core/Hardware/frontPanel/IO/endlessPots.o
LOAD build/Core/Hardware/SD/SPI/spi_sd.o
LOAD build/Core/Hardware/SD/SPI/sd_routines.o
LOAD build/Core/Hardware/SD/asyncfatfs/asyncfatfs.o
LOAD build/Core/Hardware/SD/asyncfatfs/fat_standard.o
LOAD build/Core/Hardware/SD/asyncfatfs/sdcard_lxr02.o
LOAD build/Core/Hardware/SD/filesystem.o
LOAD build/Core/Hardware/SD/kitBrowser.o
LOAD build/Core/Hardware/USB/OTG_Driver/src/usb_core.o
LOAD build/Core/Hardware/USB/OTG_Driver/src/usb_dcd.o
LOAD build/Core/Hardware/USB/OTG_Driver/src/usb_dcd_int.o
LOAD build/Core/Hardware/USB/Device_Library/src/usbd_core.o
LOAD build/Core/Hardware/USB/Device_Library/src/usbd_ioreq.o
LOAD build/Core/Hardware/USB/Device_Library/src/usbd_req.o
LOAD build/Core/Hardware/USB/App/usb_bsp.o
LOAD build/Core/Hardware/USB/App/usb_it.o
LOAD build/Core/Hardware/USB/App/usb_manager.o
LOAD build/Core/Hardware/USB/App/usb_midi_core.o
LOAD build/Core/Hardware/USB/App/usbd_desc.o
LOAD build/Core/Hardware/USB/App/usbd_usr.o
LOAD build/Core/Menu/menu.o
LOAD build/Core/Menu/Cc2Text.o
LOAD build/Core/Menu/copyClearTools.o
LOAD build/Core/Menu/screensaver.o
LOAD build/Core/Preset/presetManager.o
LOAD build/Core/Preset/ParameterArray.o
LOAD build/Core/MIDI/FIFO.o
LOAD build/Core/MIDI/MidiRealtime.o
LOAD build/Core/MIDI/Uart.o
LOAD build/Core/MIDI/frontPanelParser.o
LOAD build/Core/MIDI/MidiVoiceControl.o
LOAD build/Core/MIDI/MidiParser.o
LOAD build/Core/Sequencer/sequencer.o
LOAD build/Core/Sequencer/sequencerTimer.o
LOAD build/Core/Sequencer/clockSync.o
LOAD build/Core/Sequencer/EuklidGenerator.o
LOAD build/Core/Sequencer/SomGenerator.o
LOAD build/Core/Sequencer/SomData.o
LOAD build/Core/SampleRom/SampleMemory.o
LOAD build/Core/SampleRom/sampleFlash.o
LOAD build/Core/Src/startup_stm32f765xx.o
LOAD build/Core/DSPAudio/1PoleLp.o
LOAD build/Core/DSPAudio/automationNode.o
LOAD build/Core/DSPAudio/BufferTools.o
LOAD build/Core/DSPAudio/CymbalVoice.o
LOAD build/Core/DSPAudio/Decay.o
LOAD build/Core/DSPAudio/distortion.o
LOAD build/Core/DSPAudio/dither.o
LOAD build/Core/DSPAudio/DrumVoice.o
LOAD build/Core/DSPAudio/HiHat.o
LOAD build/Core/DSPAudio/lfo.o
LOAD build/Core/DSPAudio/mixer.o
LOAD build/Core/DSPAudio/modulationNode.o
LOAD build/Core/DSPAudio/Oscillator.o
LOAD build/Core/DSPAudio/random.o
LOAD build/Core/DSPAudio/ResonantFilter.o
LOAD build/Core/DSPAudio/Samples.o
LOAD build/Core/DSPAudio/SlopeEg2.o
LOAD build/Core/DSPAudio/snapEg.o
LOAD build/Core/DSPAudio/Snare.o
LOAD build/Core/DSPAudio/squareRootLut.o
LOAD build/Core/DSPAudio/transientGenerator.o
LOAD build/Core/DSPAudio/transientTables.o
LOAD build/Core/DSPAudio/wavetable.o
LOAD /Applications/ArmGNUToolchain/14.2.rel1/arm-none-eabi/bin/../lib/gcc/arm-none-eabi/14.2.1/../../../../arm-none-eabi/lib/thumb/v7e-m+dp/hard/libc_nano.a
LOAD /Applications/ArmGNUToolchain/14.2.rel1/arm-none-eabi/bin/../lib/gcc/arm-none-eabi/14.2.1/../../../../arm-none-eabi/lib/thumb/v7e-m+dp/hard/libm.a
START GROUP
LOAD /Applications/ArmGNUToolchain/14.2.rel1/arm-none-eabi/bin/../lib/gcc/arm-none-eabi/14.2.1/thumb/v7e-m+dp/hard/libgcc.a
LOAD /Applications/ArmGNUToolchain/14.2.rel1/arm-none-eabi/bin/../lib/gcc/arm-none-eabi/14.2.1/../../../../arm-none-eabi/lib/thumb/v7e-m+dp/hard/libc_nano.a
END GROUP
START GROUP
LOAD /Applications/ArmGNUToolchain/14.2.rel1/arm-none-eabi/bin/../lib/gcc/arm-none-eabi/14.2.1/thumb/v7e-m+dp/hard/libgcc.a
LOAD /Applications/ArmGNUToolchain/14.2.rel1/arm-none-eabi/bin/../lib/gcc/arm-none-eabi/14.2.1/../../../../arm-none-eabi/lib/thumb/v7e-m+dp/hard/libc_nano.a
LOAD /Applications/ArmGNUToolchain/14.2.rel1/arm-none-eabi/bin/../lib/gcc/arm-none-eabi/14.2.1/../../../../arm-none-eabi/lib/thumb/v7e-m+dp/hard/libnosys.a
END GROUP
START GROUP
LOAD /Applications/ArmGNUToolchain/14.2.rel1/arm-none-eabi/bin/../lib/gcc/arm-none-eabi/14.2.1/thumb/v7e-m+dp/hard/libgcc.a
LOAD /Applications/ArmGNUToolchain/14.2.rel1/arm-none-eabi/bin/../lib/gcc/arm-none-eabi/14.2.1/../../../../arm-none-eabi/lib/thumb/v7e-m+dp/hard/libc_nano.a
LOAD /Applications/ArmGNUToolchain/14.2.rel1/arm-none-eabi/bin/../lib/gcc/arm-none-eabi/14.2.1/../../../../arm-none-eabi/lib/thumb/v7e-m+dp/hard/libnosys.a
END GROUP
LOAD /Applications/ArmGNUToolchain/14.2.rel1/arm-none-eabi/bin/../lib/gcc/arm-none-eabi/14.2.1/thumb/v7e-m+dp/hard/crtend.o
LOAD /Applications/ArmGNUToolchain/14.2.rel1/arm-none-eabi/bin/../lib/gcc/arm-none-eabi/14.2.1/thumb/v7e-m+dp/hard/crtn.o
                0x20080000                        _estack = 0x20080000

.isr_vector     0x08008000      0x1c8
                0x08008000                        . = ALIGN (0x4)
 *(.isr_vector)
 .isr_vector    0x08008000      0x1c8 build/Core/Src/startup_stm32f765xx.o
                0x08008000                g_pfnVectors
                0x080081c8                        . = ALIGN (0x4)

.text           0x080081c8    0x37da8
                0x080081c8                        . = ALIGN (0x4)
 *(.text)
 .text          0x080081c8     0x69bc /var/folders/5t/gqlg8s7s353ffpt3yk87z4000000gn/T//cc96Q9Ew.ltrans0.ltrans.o
                0x08008af8                lcd_clear
                0x08008b4c                lcd_setcursor
                0x08008dfc                afatfs_sdcardReadComplete.lto_priv.0
                0x08009028                filesystem_blockCloseCb.lto_priv.0
                0x08009440                DMA1_Stream4_IRQHandler
                0x08009474                DMA1_Stream7_IRQHandler
                0x08009494                EXTI4_IRQHandler
                0x080094cc                EXTI9_5_IRQHandler
                0x08009504                triggerJacks_setClockOut2Ppq
                0x08009504                USBD_USR_DeviceReset
                0x08009508                TIM6_DAC_IRQHandler
                0x08009550                TIM7_IRQHandler
                0x08009714                SysTick_Handler
                0x08009748                led_setValue
                0x08009984                lcd_enqueue.lto_priv.0
                0x08009b98                lcd_string
                0x08009bfc                led_reset
                0x08009c84                led_toggleTemp
                0x0800a324                led_clearAllBlinkLeds
                0x0800a684                led_clearSequencerLeds
                0x0800a70c                led_initPerformanceLeds
                0x0800b494                TIM1_CC_IRQHandler
                0x0800b55c                endlessPots_snapshotAll
                0x0800b608                SPI_transmit
                0x0800b940                afatfs_fseekAtomic.lto_priv.0
                0x0800bc4c                afatfs_findNext
                0x0800c240                afatfs_fcloseContinue.lto_priv.0
                0x0800c4b8                afatfs_fwrite.part.0
                0x0800c648                send_cmd_keep_cs.lto_priv.0
                0x0800c6ac                afatfs_poll.part.0
                0x0800c98c                sdcard_poll
                0x0800e834                filesystem_blockOpen.lto_priv.0
                0x0800e8ac                filesystem_blockChdir.lto_priv.0
                0x0800e954                filesystem_blockSeek.lto_priv.0
                0x0800ea2c                filesystem_blockRead.lto_priv.0
                0x0800ea78                filesystem_isWavName.lto_priv.0
                0x0800eae0                filesystem_displayNameFromFilename.lto_priv.0
 .text          0x0800eb84     0x8948 /var/folders/5t/gqlg8s7s353ffpt3yk87z4000000gn/T//cc96Q9Ew.ltrans1.ltrans.o
                0x0800eed4                on_kit_load_complete.lto_priv.0
                0x0800ef14                on_morph_load_complete.lto_priv.0
                0x0800ef94                on_pattern_load_complete.lto_priv.0
                0x0800efd4                on_all_load_complete.lto_priv.0
                0x0800f014                on_performance_load_complete.lto_priv.0
                0x0800f054                on_name_load_complete.lto_priv.0
                0x0800f114                on_globals_save_complete.lto_priv.0
                0x0800f154                on_pattern_save_complete.lto_priv.0
                0x08010a54                filesystem_start.lto_priv.0
                0x08010ae8                filesystem_requestLoad
                0x08010c78                OTG_FS_IRQHandler
                0x080111b0                usb_start
                0x08011544                menu_requestCurrentLoadSaveSelection.lto_priv.0
                0x08011614                getMaxEntriesForMenu.lto_priv.0
                0x08011660                sendDisplayBuffer
                0x080117ec                menu_repaintLoadSavePage.lto_priv.0
                0x080119f0                menu_repaintGeneric.lto_priv.0
                0x08012294                menu_repaintAll
                0x080122e4                menu_updateEndlessPotScales.lto_priv.0
                0x08012358                menu_switchSubPage
                0x08012428                copyClear_armClearMenu.part.0
                0x080124a0                screensaver_touch
                0x080124ec                preset_saveDrumset
                0x0801262c                preset_loadGlobals
                0x0801271c                preset_saveAll
                0x08012844                paramArray_setParameter
                0x08012874                parameterArray_init
                0x080132e4                USART3_IRQHandler
                0x080133ac                frontParser_handleLedMessage
                0x080135c0                voiceControl_noteOff
                0x0801380c                midiParser_calcDetune
                0x0801383c                midiParser_handleNoteMessage.lto_priv.0
                0x08013920                seq_setRunning
                0x08013ab0                frontPanel_sendData
                0x080146c8                menu_parseGlobalParam
                0x08014b40                menu_sendSoundParameter.lto_priv.0
                0x08014be8                menu_pollPresetStatus
                0x080151d4                menu_switchPage.part.0
                0x08015bcc                midiParser_parseMidiMessage
                0x08015f68                seq_clearTrack
                0x08015fe4                copyClear_executeClear
                0x080160a8                TIM3_IRQHandler
                0x08016630                sampleMemory_refresh
                0x08016730                filesystem_installSampleFolderBlocking.part.0.lto_priv.0
 *fill*         0x080174cc        0x4 
 .text          0x080174d0     0x8660 /var/folders/5t/gqlg8s7s353ffpt3yk87z4000000gn/T//cc96Q9Ew.ltrans2.ltrans.o
                0x0801964c                Cymbal_init
                0x08019754                Cymbal_trigger
                0x08019900                initDrumVoice
                0x08019aa0                modNode_setDestination
                0x08019af0                Drum_trigger
                0x08019cb4                HiHat_init
                0x08019dbc                HiHat_trigger
                0x08019f80                lfo_recalcSync
                0x0801a214                mixer_init
                0x0801a278                mixer_calcNextSampleBlock
                0x0801d5b0                modNode_originalValueChanged
                0x0801dad0                Snare_init
                0x0801dbc0                Snare_trigger
                0x0801de4c                USBD_GetString.part.0.constprop.0
                0x0801de9c                filesystem_isPlausibleFatVolume.constprop.0
                0x0801df1c                filesystem_applyGlobalsPrefix.constprop.0
                0x0801df64                afatfs_fseek.constprop.0
                0x0801e018                USB_OTG_FlushTxFifo.constprop.0.isra.0
                0x0801e05c                USB_OTG_CoreReset.constprop.0.isra.0
                0x0801e0b0                midiParser_ccHandler.isra.0
                0x0801f24c                preset_loadName.isra.0
                0x0801f3b0                usb_sendMidi.isra.0
                0x0801f410                USBD_CtlError.isra.0
                0x0801f480                DCD_EP_Stall.isra.0
                0x0801f4f4                USB_OTG_EP0StartXfer.isra.0
                0x0801f5c8                USB_OTG_EPStartXfer.isra.0
                0x0801f708                USB_OTG_EPActivate.isra.0
                0x0801f778                filesystem_writeStreamChunk.isra.0
                0x0801f7c8                filesystem_blockClose.isra.0
                0x0801f848                afatfs_cacheSector.isra.0
                0x0801fad0                afatfs_FATGetNextCluster.constprop.0
 .text          0x0801fb30       0x10 /Applications/ArmGNUToolchain/14.2.rel1/arm-none-eabi/bin/../lib/gcc/arm-none-eabi/14.2.1/../../../../arm-none-eabi/lib/thumb/v7e-m+dp/hard/libc_nano.a(libc_a-strlen.o)
                0x0801fb30                strlen
 .text          0x0801fb40       0x30 /Applications/ArmGNUToolchain/14.2.rel1/arm-none-eabi/bin/../lib/gcc/arm-none-eabi/14.2.1/thumb/v7e-m+dp/hard/libgcc.a(_aeabi_uldivmod.o)
                0x0801fb40                __aeabi_uldivmod
 .text          0x0801fb70        0x4 /Applications/ArmGNUToolchain/14.2.rel1/arm-none-eabi/bin/../lib/gcc/arm-none-eabi/14.2.1/thumb/v7e-m+dp/hard/libgcc.a(_dvmd_tls.o)
                0x0801fb70                __aeabi_ldiv0
                0x0801fb70                __aeabi_idiv0
 *(.text*)
 .text.startup  0x0801fb74     0x2704 /var/folders/5t/gqlg8s7s353ffpt3yk87z4000000gn/T//cc96Q9Ew.ltrans0.ltrans.o
                0x0801fb74                main
 .text.Reset_Handler
                0x08022278       0xc0 build/Core/Src/startup_stm32f765xx.o
                0x08022278                Reset_Handler
 .text.Default_Handler
                0x08022338        0x2 build/Core/Src/startup_stm32f765xx.o
                0x08022338                BusFault_Handler
                0x08022338                HardFault_Handler
                0x08022338                PendSV_Handler
                0x08022338                NMI_Handler
                0x08022338                EXTI3_IRQHandler
                0x08022338                UsageFault_Handler
                0x08022338                Default_Handler
                0x08022338                MemManage_Handler
                0x08022338                SVC_Handler
                0x08022338                DebugMon_Handler
 .text.memset   0x0802233a       0x10 /Applications/ArmGNUToolchain/14.2.rel1/arm-none-eabi/bin/../lib/gcc/arm-none-eabi/14.2.1/../../../../arm-none-eabi/lib/thumb/v7e-m+dp/hard/libc_nano.a(libc_a-memset.o)
                0x0802233a                memset
 .text.memcmp   0x0802234a       0x20 /Applications/ArmGNUToolchain/14.2.rel1/arm-none-eabi/bin/../lib/gcc/arm-none-eabi/14.2.1/../../../../arm-none-eabi/lib/thumb/v7e-m+dp/hard/libc_nano.a(libc_a-memcmp.o)
                0x0802234a                memcmp
 .text.memmove  0x0802236a       0x32 /Applications/ArmGNUToolchain/14.2.rel1/arm-none-eabi/bin/../lib/gcc/arm-none-eabi/14.2.1/../../../../arm-none-eabi/lib/thumb/v7e-m+dp/hard/libc_nano.a(libc_a-memmove.o)
                0x0802236a                memmove
 .text.strncmp  0x0802239c       0x24 /Applications/ArmGNUToolchain/14.2.rel1/arm-none-eabi/bin/../lib/gcc/arm-none-eabi/14.2.1/../../../../arm-none-eabi/lib/thumb/v7e-m+dp/hard/libc_nano.a(libc_a-strncmp.o)
                0x0802239c                strncmp
 .text.memcpy   0x080223c0       0x1c /Applications/ArmGNUToolchain/14.2.rel1/arm-none-eabi/bin/../lib/gcc/arm-none-eabi/14.2.1/../../../../arm-none-eabi/lib/thumb/v7e-m+dp/hard/libc_nano.a(libc_a-memcpy-stub.o)
                0x080223c0                memcpy
 .text.atan2f   0x080223dc        0x4 /Applications/ArmGNUToolchain/14.2.rel1/arm-none-eabi/bin/../lib/gcc/arm-none-eabi/14.2.1/../../../../arm-none-eabi/lib/thumb/v7e-m+dp/hard/libm.a(libm_a-wf_atan2.o)
                0x080223dc                atan2f
 .text.log2f    0x080223e0       0xd0 /Applications/ArmGNUToolchain/14.2.rel1/arm-none-eabi/bin/../lib/gcc/arm-none-eabi/14.2.1/../../../../arm-none-eabi/lib/thumb/v7e-m+dp/hard/libm.a(libm_a-sf_log2.o)
                0x080223e0                log2f
 .text.powf     0x080224b0      0x338 /Applications/ArmGNUToolchain/14.2.rel1/arm-none-eabi/bin/../lib/gcc/arm-none-eabi/14.2.1/../../../../arm-none-eabi/lib/thumb/v7e-m+dp/hard/libm.a(libm_a-sf_pow.o)
                0x080224b0                powf
 .text.with_errnof
                0x080227e8       0x1c /Applications/ArmGNUToolchain/14.2.rel1/arm-none-eabi/bin/../lib/gcc/arm-none-eabi/14.2.1/../../../../arm-none-eabi/lib/thumb/v7e-m+dp/hard/libm.a(libm_a-math_errf.o)
 .text.xflowf   0x08022804       0x20 /Applications/ArmGNUToolchain/14.2.rel1/arm-none-eabi/bin/../lib/gcc/arm-none-eabi/14.2.1/../../../../arm-none-eabi/lib/thumb/v7e-m+dp/hard/libm.a(libm_a-math_errf.o)
 .text.__math_uflowf
                0x08022824        0xc /Applications/ArmGNUToolchain/14.2.rel1/arm-none-eabi/bin/../lib/gcc/arm-none-eabi/14.2.1/../../../../arm-none-eabi/lib/thumb/v7e-m+dp/hard/libm.a(libm_a-math_errf.o)
                0x08022824                __math_uflowf
 .text.__math_may_uflowf
                0x08022830        0xc /Applications/ArmGNUToolchain/14.2.rel1/arm-none-eabi/bin/../lib/gcc/arm-none-eabi/14.2.1/../../../../arm-none-eabi/lib/thumb/v7e-m+dp/hard/libm.a(libm_a-math_errf.o)
                0x08022830                __math_may_uflowf
 .text.__math_oflowf
                0x0802283c        0xc /Applications/ArmGNUToolchain/14.2.rel1/arm-none-eabi/bin/../lib/gcc/arm-none-eabi/14.2.1/../../../../arm-none-eabi/lib/thumb/v7e-m+dp/hard/libm.a(libm_a-math_errf.o)
                0x0802283c                __math_oflowf
 .text.__math_divzerof
                0x08022848       0x24 /Applications/ArmGNUToolchain/14.2.rel1/arm-none-eabi/bin/../lib/gcc/arm-none-eabi/14.2.1/../../../../arm-none-eabi/lib/thumb/v7e-m+dp/hard/libm.a(libm_a-math_errf.o)
                0x08022848                __math_divzerof
 .text.__math_invalidf
                0x0802286c       0x20 /Applications/ArmGNUToolchain/14.2.rel1/arm-none-eabi/bin/../lib/gcc/arm-none-eabi/14.2.1/../../../../arm-none-eabi/lib/thumb/v7e-m+dp/hard/libm.a(libm_a-math_errf.o)
                0x0802286c                __math_invalidf
 .text.__ieee754_atan2f
                0x0802288c      0x14c /Applications/ArmGNUToolchain/14.2.rel1/arm-none-eabi/bin/../lib/gcc/arm-none-eabi/14.2.1/../../../../arm-none-eabi/lib/thumb/v7e-m+dp/hard/libm.a(libm_a-ef_atan2.o)
                0x0802288c                __ieee754_atan2f
 .text.atanf    0x080229d8      0x1a4 /Applications/ArmGNUToolchain/14.2.rel1/arm-none-eabi/bin/../lib/gcc/arm-none-eabi/14.2.1/../../../../arm-none-eabi/lib/thumb/v7e-m+dp/hard/libm.a(libm_a-sf_atan.o)
                0x080229d8                atanf
 .text.fabsf    0x08022b7c       0x10 /Applications/ArmGNUToolchain/14.2.rel1/arm-none-eabi/bin/../lib/gcc/arm-none-eabi/14.2.1/../../../../arm-none-eabi/lib/thumb/v7e-m+dp/hard/libm.a(libm_a-sf_fabs.o)
                0x08022b7c                fabsf
 .text.__udivmoddi4
                0x08022b8c      0x2f8 /Applications/ArmGNUToolchain/14.2.rel1/arm-none-eabi/bin/../lib/gcc/arm-none-eabi/14.2.1/thumb/v7e-m+dp/hard/libgcc.a(_udivmoddi4.o)
                0x08022b8c                __udivmoddi4
 *(.rodata)
 .rodata        0x08022e84     0x1195 /var/folders/5t/gqlg8s7s353ffpt3yk87z4000000gn/T//cc96Q9Ew.ltrans0.ltrans.o
                0x08022e84                led_logicalToPhysical.lto_priv.0
                0x08022eac                btn_to_sr.lto_priv.0
                0x08022ed4                fs_file_descs.lto_priv.0
                0x08022f6c                menuPages
                0x08023bc4                modTargets
                0x08023ef8                parameter_dtypes
                0x08024018                buttonHandler_originalValue
                0x08024018                seq_SomModeActive.lto_priv.0
 *fill*         0x08024019        0x3 
 .rodata        0x0802401c     0x2bd0 /var/folders/5t/gqlg8s7s353ffpt3yk87z4000000gn/T//cc96Q9Ew.ltrans1.ltrans.o
 .rodata        0x08026bec    0x18c48 /var/folders/5t/gqlg8s7s353ffpt3yk87z4000000gn/T//cc96Q9Ew.ltrans2.ltrans.o
 *(.rodata*)
 .rodata.str1.4
                0x0803f834      0x20d /var/folders/5t/gqlg8s7s353ffpt3yk87z4000000gn/T//cc96Q9Ew.ltrans0.ltrans.o
                                 0xed (size before relaxing)
 .rodata.str1.4
                0x0803fa41      0x135 /var/folders/5t/gqlg8s7s353ffpt3yk87z4000000gn/T//cc96Q9Ew.ltrans1.ltrans.o
 .rodata.str1.4
                0x0803fa41        0x9 /var/folders/5t/gqlg8s7s353ffpt3yk87z4000000gn/T//cc96Q9Ew.ltrans2.ltrans.o
 .rodata._ctype_
                0x0803fa41      0x101 /Applications/ArmGNUToolchain/14.2.rel1/arm-none-eabi/bin/../lib/gcc/arm-none-eabi/14.2.1/../../../../arm-none-eabi/lib/thumb/v7e-m+dp/hard/libc_nano.a(libc_a-ctype_.o)
                0x0803fa41                _ctype_
 *fill*         0x0803fb42        0x6 
 .rodata.__log2f_data
                0x0803fb48      0x120 /Applications/ArmGNUToolchain/14.2.rel1/arm-none-eabi/bin/../lib/gcc/arm-none-eabi/14.2.1/../../../../arm-none-eabi/lib/thumb/v7e-m+dp/hard/libm.a(libm_a-sf_log2_data.o)
                0x0803fb48                __log2f_data
 .rodata.CSWTCH.9
                0x0803fc68        0xc /Applications/ArmGNUToolchain/14.2.rel1/arm-none-eabi/bin/../lib/gcc/arm-none-eabi/14.2.1/../../../../arm-none-eabi/lib/thumb/v7e-m+dp/hard/libm.a(libm_a-ef_atan2.o)
 .rodata.CSWTCH.8
                0x0803fc74        0xc /Applications/ArmGNUToolchain/14.2.rel1/arm-none-eabi/bin/../lib/gcc/arm-none-eabi/14.2.1/../../../../arm-none-eabi/lib/thumb/v7e-m+dp/hard/libm.a(libm_a-ef_atan2.o)
 .rodata.__exp2f_data
                0x0803fc80      0x148 /Applications/ArmGNUToolchain/14.2.rel1/arm-none-eabi/bin/../lib/gcc/arm-none-eabi/14.2.1/../../../../arm-none-eabi/lib/thumb/v7e-m+dp/hard/libm.a(libm_a-sf_exp2_data.o)
                0x0803fc80                __exp2f_data
 .rodata.__powf_log2_data
                0x0803fdc8      0x128 /Applications/ArmGNUToolchain/14.2.rel1/arm-none-eabi/bin/../lib/gcc/arm-none-eabi/14.2.1/../../../../arm-none-eabi/lib/thumb/v7e-m+dp/hard/libm.a(libm_a-sf_pow_log2_data.o)
                0x0803fdc8                __powf_log2_data
 .rodata.atanlo
                0x0803fef0       0x10 /Applications/ArmGNUToolchain/14.2.rel1/arm-none-eabi/bin/../lib/gcc/arm-none-eabi/14.2.1/../../../../arm-none-eabi/lib/thumb/v7e-m+dp/hard/libm.a(libm_a-sf_atan.o)
 .rodata.atanhi
                0x0803ff00       0x10 /Applications/ArmGNUToolchain/14.2.rel1/arm-none-eabi/bin/../lib/gcc/arm-none-eabi/14.2.1/../../../../arm-none-eabi/lib/thumb/v7e-m+dp/hard/libm.a(libm_a-sf_atan.o)
 *(.ARM.extab* .gnu.linkonce.armextab.*)
 *(.ARM.exidx* .gnu.linkonce.armexidx.*)
 .ARM.exidx     0x0803ff10        0x8 /Applications/ArmGNUToolchain/14.2.rel1/arm-none-eabi/bin/../lib/gcc/arm-none-eabi/14.2.1/../../../../arm-none-eabi/lib/thumb/v7e-m+dp/hard/libc_nano.a(libc_a-strlen.o)
 .ARM.exidx.text.__udivmoddi4
                0x0803ff18        0x0 /Applications/ArmGNUToolchain/14.2.rel1/arm-none-eabi/bin/../lib/gcc/arm-none-eabi/14.2.1/thumb/v7e-m+dp/hard/libgcc.a(_udivmoddi4.o)
                                  0x8 (size before relaxing)
 *(.init)
 .init          0x0803ff18        0x4 /Applications/ArmGNUToolchain/14.2.rel1/arm-none-eabi/bin/../lib/gcc/arm-none-eabi/14.2.1/thumb/v7e-m+dp/hard/crti.o
                0x0803ff18                _init
 .init          0x0803ff1c        0x8 /Applications/ArmGNUToolchain/14.2.rel1/arm-none-eabi/bin/../lib/gcc/arm-none-eabi/14.2.1/thumb/v7e-m+dp/hard/crtn.o
 *(.fini)
 .fini          0x0803ff24        0x4 /Applications/ArmGNUToolchain/14.2.rel1/arm-none-eabi/bin/../lib/gcc/arm-none-eabi/14.2.1/thumb/v7e-m+dp/hard/crti.o
                0x0803ff24                _fini
 .fini          0x0803ff28        0x8 /Applications/ArmGNUToolchain/14.2.rel1/arm-none-eabi/bin/../lib/gcc/arm-none-eabi/14.2.1/thumb/v7e-m+dp/hard/crtn.o
 .fini.__stub   0x0803ff30       0x40 linker stubs
                0x0803ff70                        . = ALIGN (0x4)
                0x0803ff70                        _etext = .
                0x0803ff70                        _siitcm = LOADADDR (.itcm)

.glue_7         0x0803ff70        0x0
 .glue_7        0x0803ff70        0x0 linker stubs

.glue_7t        0x0803ff70        0x0
 .glue_7t       0x0803ff70        0x0 linker stubs

.vfp11_veneer   0x0803ff70        0x0
 .vfp11_veneer  0x0803ff70        0x0 linker stubs

.v4_bx          0x0803ff70        0x0
 .v4_bx         0x0803ff70        0x0 linker stubs

.iplt           0x0803ff70        0x0
 .iplt          0x0803ff70        0x0 build/Core/Src/startup_stm32f765xx.o

.itcm           0x00000000      0xee0 load address 0x0803ff70
                0x00000000                        . = ALIGN (0x4)
                0x00000000                        _sitcm = .
 *(.itcm)
 .itcm          0x00000000      0xec8 /var/folders/5t/gqlg8s7s353ffpt3yk87z4000000gn/T//cc96Q9Ew.ltrans2.ltrans.o
 .itcm.__stub   0x00000ec8       0x18 linker stubs
 *(.itcm.*)
                0x00000ee0                        . = ALIGN (0x4)
                0x00000ee0                        _eitcm = .
                0x00000001                        ASSERT ((_eitcm <= (ORIGIN (ITCM) + LENGTH (ITCM))), ITCM overflow: .itcm exceeds 16KB)

.dma_nocache    0x20020000      0xc1c
                0x20020000                        . = ALIGN (0x4)
                0x20020000                        _sdma_nocache = .
 *(.dma_nocache)
 .dma_nocache   0x20020000      0xc1c /var/folders/5t/gqlg8s7s353ffpt3yk87z4000000gn/T//cc96Q9Ew.ltrans0.ltrans.o
 *(.dma_nocache.*)
                0x20020c1c                        . = ALIGN (0x4)
                0x20020c1c                        _edma_nocache = .
                0x00000001                        ASSERT (((_edma_nocache - _sdma_nocache) <= 0x1000), DMA non-cacheable section exceeds 4KB MPU region)
                0x08040e50                        _sidata = LOADADDR (.data)

.data           0x20020c1c      0x158 load address 0x08040e50
                0x20020c1c                        . = ALIGN (0x4)
                0x20020c1c                        _sdata = .
 *(.data)
 .data          0x20020c1c       0x19 /var/folders/5t/gqlg8s7s353ffpt3yk87z4000000gn/T//cc96Q9Ew.ltrans0.ltrans.o
                0x20020c1c                mixer_out_l1_available.lto_priv.0
                0x20020c1d                mixer_out_r1_available.lto_priv.0
                0x20020c24                op_close_status.lto_priv.0
                0x20020c25                led_currentStepLed.lto_priv.0
                0x20020c26                screensaver_Timeout
                0x20020c28                mixer_out_l2_available.lto_priv.0
                0x20020c29                mixer_out_r2_available.lto_priv.0
                0x20020c30                usb_MidiInWrPtr
                0x20020c34                menu_TargetVoiceGapIndex.lto_priv.0
 *fill*         0x20020c35        0x3 
 .data          0x20020c38      0x13c /var/folders/5t/gqlg8s7s353ffpt3yk87z4000000gn/T//cc96Q9Ew.ltrans1.ltrans.o
                0x20020d64                seq_tempo.lto_priv.0
                0x20020d6c                sample_generation.lto_priv.0
 *(.data*)
                0x20020d74                        . = ALIGN (0x4)
                0x20020d74                        _edata = .

.igot.plt       0x20020d74        0x0 load address 0x08040fa8
 .igot.plt      0x20020d74        0x0 build/Core/Src/startup_stm32f765xx.o

.bss            0x20020d78    0x19f7c load address 0x08040fa8
                0x20020d78                        . = ALIGN (0x4)
                0x20020d78                        _sbss = .
 *(.bss)
 .bss           0x20020d78    0x148c4 /var/folders/5t/gqlg8s7s353ffpt3yk87z4000000gn/T//cc96Q9Ew.ltrans0.ltrans.o
                0x20020d98                trigger_eventHead.lto_priv.0
                0x20020d99                trigger_eventTail.lto_priv.0
                0x20020da0                trigger_eventRing.lto_priv.0
                0x20020e20                lcd_q_head.lto_priv.0
                0x20020e21                lcd_q_tail.lto_priv.0
                0x20020e22                lcd_driver_busy.lto_priv.0
                0x20020fa4                dout_outputData
                0x20020fac                led_originalLedState
                0x20020fb1                led_sw43OriginalState.lto_priv.0
                0x20020fb2                led_sw43State.lto_priv.0
                0x20020fb4                endless.lto_priv.0
                0x20021024                op_file.lto_priv.0
                0x20021028                op_file_ready.lto_priv.0
                0x20021029                op_close_done.lto_priv.0
                0x20021031                block_close_done.lto_priv.0
                0x20021034                trigger_lastJackInputUs.lto_priv.0
                0x20021038                trigger_haveJackInput.lto_priv.0
                0x2002103a                time_sysTick
                0x2002103c                screensaver_timer
                0x20021044                systick_ticks
                0x20021050                buttonHandler_selectedStep
                0x20021054                parameter_values
                0x20021166                menu_activeVoice
                0x20021167                menu_shownPattern
                0x20021168                menu_muteModeActive
                0x20021184                voiceTriggerTail.lto_priv.0
                0x20021185                voiceTriggerHead.lto_priv.0
                0x20021188                voiceTriggerRing.lto_priv.0
                0x200211e8                audioCodec_renderCount
                0x200211f9                menu_storageBusy.lto_priv.0
                0x200211fc                btn_held.lto_priv.0
                0x20021228                bh_state.lto_priv.0
                0x2002122c                menu_activePage
                0x2002122d                menuIndex.lto_priv.0
                0x2002122e                menu_playedPattern
                0x20021232                copyClear_Mode
                0x20021233                buttonHandler_mutedVoices.lto_priv.0
                0x20021238                midi_MidiChannels
                0x20021240                midi_NoteOverride
                0x20021248                frontParser_midiMsg
                0x20021271                state.lto_priv.0
                0x20021274                xfer_buffer.lto_priv.0
                0x20021278                xfer_block.lto_priv.0
                0x2002127c                xfer_callback.lto_priv.0
                0x20021280                xfer_callbackData.lto_priv.0
                0x20021284                xfer_offset.lto_priv.0
                0x20021286                retry_count.lto_priv.0
                0x20021288                parameters2
                0x2002136c                status.lto_priv.0
                0x20021370                current_op.lto_priv.0
                0x20021371                op_phase.lto_priv.0
                0x20021372                op_slot.lto_priv.0
                0x20021373                op_file_type.lto_priv.0
                0x20021374                completion_callback.lto_priv.0
                0x20021378                preset_currentName
                0x20021380                op_bytes_done.lto_priv.0
                0x20021384                staging_buf.lto_priv.0
                0x200214c6                op_loaded_active_pattern_running.lto_priv.0
                0x200214c7                seq_running
                0x200214c8                op_stream_index.lto_priv.0
                0x200214cc                op_item_offset.lto_priv.0
                0x200214cd                seq_activePattern
                0x200214d0                seq_shuffle
                0x200214d4                seq_newPatternAvailable
                0x200214d5                seq_loadPendigFlag.lto_priv.0
                0x200214d6                fs_stale_warning_pending.lto_priv.0
                0x200214d7                op_file_version.lto_priv.0
                0x200214dc                loaded_name.lto_priv.0
                0x200214e8                usb_MidiInBuff
                0x200215cc                slider_vol
                0x200215e8                seq_automationNodes.lto_priv.0
                0x20021604                seq_stepIndex.lto_priv.0
                0x2002160c                seq_lastMasterStep
                0x20021614                euklid_length.lto_priv.0
                0x2002161c                euklid_steps.lto_priv.0
                0x20021624                euklid_rotation.lto_priv.0
                0x2002162c                euklid_patternBuffer.lto_priv.0
                0x20021630                somGenerator
                0x20021644                fifo_midiTx.lto_priv.0
                0x20021688                fifo_midiRealtimeTx.lto_priv.0
                0x200216cc                fifo_midiRx.lto_priv.0
                0x20021710                paramToModTarget
                0x200217f4                menu_currentPresetNr
                0x200217f9                menu_numSamples
                0x200217fa                sample_count.lto_priv.0
                0x200217fb                pm_status.lto_priv.0
                0x200217fc                pm_completed_op.lto_priv.0
                0x200217fd                pm_request_slot.lto_priv.0
                0x200217fe                pm_request_type.lto_priv.0
                0x20021808                seq_ledState
                0x2002180d                screensaver_Active
                0x20021810                screensaver_cellState
                0x20021831                usb_MidiMessagesWrite
                0x20021834                usb_MidiMessages
                0x20022034                USB_OTG_dev
                0x20022629                copyClear_clearTarget.lto_priv.0
                0x2002262a                editModeActive.lto_priv.0
                0x2002262c                menu_saveOptions.lto_priv.0
                0x20022630                cur_want_on.lto_priv.0
                0x20022631                menu_knobs_dirty
                0x20022646                menu_cpuUseAvgPercent.lto_priv.0
                0x20022650                morph_active.lto_priv.0
                0x20022652                morph_index.lto_priv.0
                0x20022654                morph_request_generation.lto_priv.0
                0x20022656                morph_pass_generation.lto_priv.0
                0x20022658                morph_pass_value.lto_priv.0
                0x20022659                morph_target_value.lto_priv.0
                0x2002265c                seq_tmpPattern
                0x20023f08                xfer_operation.lto_priv.0
                0x20023f09                clk_out_state.lto_priv.0
                0x20023f0a                frontParser_activeFrontTrack
                0x20023f0c                seq_patternSet
                0x2003046c                frontParser_shownPattern
                0x2003046d                frontParser_activeTrack
                0x20030470                afatfs.lto_priv.0
 .bss           0x2003563c     0x5520 /var/folders/5t/gqlg8s7s353ffpt3yk87z4000000gn/T//cc96Q9Ew.ltrans1.ltrans.o
                0x20035820                USBD_StrDesc
                0x20035876                seq_mutedTracks.lto_priv.0
                0x20035cd8                parameterArray
                0x200363f8                midiParser_originalCcValues
                0x20036550                sample_info_cache.lto_priv.0
                0x20036af0                sample_loop_cache.lto_priv.0
 *fill*         0x2003ab5c        0x4 
 .bss           0x2003ab60      0x194 /var/folders/5t/gqlg8s7s353ffpt3yk87z4000000gn/T//cc96Q9Ew.ltrans2.ltrans.o
                0x2003acf0                __errno
 *(.bss*)
 *(COMMON)
                0x2003acf4                        . = ALIGN (0x4)
                0x2003acf4                        _ebss = .
                0x08040fa8                        _sidtcm = LOADADDR (.dtcm)

.dtcm           0x20000000     0x8960 load address 0x08040fa8
                0x20000000                        . = ALIGN (0x4)
                0x20000000                        _sdtcm = .
 *(.dtcm)
 .dtcm          0x20000000     0x895e /var/folders/5t/gqlg8s7s353ffpt3yk87z4000000gn/T//cc96Q9Ew.ltrans2.ltrans.o
 *(.dtcm.*)
                0x20008960                        . = ALIGN (0x4)
 *fill*         0x2000895e        0x2 
                0x20008960                        _edtcm = .
                0x08049908                        _eflash_load = (LOADADDR (.dtcm) + SIZEOF (.dtcm))

.rel.dyn        0x20008960        0x0 load address 0x08049908
 .rel.iplt      0x20008960        0x0 build/Core/Src/startup_stm32f765xx.o

.dtcmz          0x20008960     0x17cc load address 0x08049908
                0x20008960                        . = ALIGN (0x4)
                0x20008960                        _sdtcmz = .
 *(.dtcmz)
 .dtcmz         0x20008960      0xc61 /var/folders/5t/gqlg8s7s353ffpt3yk87z4000000gn/T//cc96Q9Ew.ltrans0.ltrans.o
                0x20009560                velocityModulators
                0x200095c0                modNode_waveInterpEnabled.lto_priv.0
 *fill*         0x200095c1        0x3 
 .dtcmz         0x200095c4      0xaa2 /var/folders/5t/gqlg8s7s353ffpt3yk87z4000000gn/T//cc96Q9Ew.ltrans1.ltrans.o
                0x200095c4                voiceArray
                0x20009bc4                snareVoice
                0x20009d1c                cymbalVoice
                0x20009eac                hatVoice
                0x2000a044                mixer_decimation_rate
                0x2000a060                mixer_audioRouting
 *fill*         0x2000a066        0x2 
 .dtcmz         0x2000a068       0xc4 /var/folders/5t/gqlg8s7s353ffpt3yk87z4000000gn/T//cc96Q9Ew.ltrans2.ltrans.o
 *(.dtcmz.*)
                0x2000a12c                        . = ALIGN (0x4)
                0x2000a12c                        _edtcmz = .
                0x00000001                        ASSERT ((_edtcmz <= (ORIGIN (DTCM) + LENGTH (DTCM))), DTCM overflow: .dtcm + .dtcmz exceed 128KB)
                0x00000001                        ASSERT ((_etext <= 0x8080000), Application overlaps sample flash region)
                0x00000001                        ASSERT ((_eflash_load <= (ORIGIN (FLASH) + LENGTH (FLASH))), Application load image overlaps sample flash region)

/DISCARD/
 libc.a(*)
 libm.a(*)
 libgcc.a(*)

.ARM.attributes
                0x00000000       0x2e
 *(.ARM.attributes)
 .ARM.attributes
                0x00000000       0x20 /Applications/ArmGNUToolchain/14.2.rel1/arm-none-eabi/bin/../lib/gcc/arm-none-eabi/14.2.1/thumb/v7e-m+dp/hard/crti.o
 .ARM.attributes
                0x00000020       0x30 /var/folders/5t/gqlg8s7s353ffpt3yk87z4000000gn/T//cc96Q9Ew.ltrans0.ltrans.o
 .ARM.attributes
                0x00000050       0x30 /var/folders/5t/gqlg8s7s353ffpt3yk87z4000000gn/T//cc96Q9Ew.ltrans1.ltrans.o
 .ARM.attributes
                0x00000080       0x30 /var/folders/5t/gqlg8s7s353ffpt3yk87z4000000gn/T//cc96Q9Ew.ltrans2.ltrans.o
 .ARM.attributes
                0x000000b0       0x21 build/Core/Src/startup_stm32f765xx.o
 .ARM.attributes
                0x000000d1       0x32 /Applications/ArmGNUToolchain/14.2.rel1/arm-none-eabi/bin/../lib/gcc/arm-none-eabi/14.2.1/../../../../arm-none-eabi/lib/thumb/v7e-m+dp/hard/libc_nano.a(libc_a-memset.o)
 .ARM.attributes
                0x00000103       0x32 /Applications/ArmGNUToolchain/14.2.rel1/arm-none-eabi/bin/../lib/gcc/arm-none-eabi/14.2.1/../../../../arm-none-eabi/lib/thumb/v7e-m+dp/hard/libc_nano.a(libc_a-ctype_.o)
 .ARM.attributes
                0x00000135       0x32 /Applications/ArmGNUToolchain/14.2.rel1/arm-none-eabi/bin/../lib/gcc/arm-none-eabi/14.2.1/../../../../arm-none-eabi/lib/thumb/v7e-m+dp/hard/libc_nano.a(libc_a-memcmp.o)
 .ARM.attributes
                0x00000167       0x32 /Applications/ArmGNUToolchain/14.2.rel1/arm-none-eabi/bin/../lib/gcc/arm-none-eabi/14.2.1/../../../../arm-none-eabi/lib/thumb/v7e-m+dp/hard/libc_nano.a(libc_a-memmove.o)
 .ARM.attributes
                0x00000199       0x32 /Applications/ArmGNUToolchain/14.2.rel1/arm-none-eabi/bin/../lib/gcc/arm-none-eabi/14.2.1/../../../../arm-none-eabi/lib/thumb/v7e-m+dp/hard/libc_nano.a(libc_a-strncmp.o)
 .ARM.attributes
                0x000001cb       0x32 /Applications/ArmGNUToolchain/14.2.rel1/arm-none-eabi/bin/../lib/gcc/arm-none-eabi/14.2.1/../../../../arm-none-eabi/lib/thumb/v7e-m+dp/hard/libc_nano.a(libc_a-memcpy-stub.o)
 .ARM.attributes
                0x000001fd       0x17 /Applications/ArmGNUToolchain/14.2.rel1/arm-none-eabi/bin/../lib/gcc/arm-none-eabi/14.2.1/../../../../arm-none-eabi/lib/thumb/v7e-m+dp/hard/libc_nano.a(libc_a-strlen.o)
 .ARM.attributes
                0x00000214       0x32 /Applications/ArmGNUToolchain/14.2.rel1/arm-none-eabi/bin/../lib/gcc/arm-none-eabi/14.2.1/../../../../arm-none-eabi/lib/thumb/v7e-m+dp/hard/libm.a(libm_a-wf_atan2.o)
 .ARM.attributes
                0x00000246       0x32 /Applications/ArmGNUToolchain/14.2.rel1/arm-none-eabi/bin/../lib/gcc/arm-none-eabi/14.2.1/../../../../arm-none-eabi/lib/thumb/v7e-m+dp/hard/libm.a(libm_a-sf_log2.o)
 .ARM.attributes
                0x00000278       0x32 /Applications/ArmGNUToolchain/14.2.rel1/arm-none-eabi/bin/../lib/gcc/arm-none-eabi/14.2.1/../../../../arm-none-eabi/lib/thumb/v7e-m+dp/hard/libm.a(libm_a-sf_log2_data.o)
 .ARM.attributes
                0x000002aa       0x32 /Applications/ArmGNUToolchain/14.2.rel1/arm-none-eabi/bin/../lib/gcc/arm-none-eabi/14.2.1/../../../../arm-none-eabi/lib/thumb/v7e-m+dp/hard/libm.a(libm_a-sf_pow.o)
 .ARM.attributes
                0x000002dc       0x32 /Applications/ArmGNUToolchain/14.2.rel1/arm-none-eabi/bin/../lib/gcc/arm-none-eabi/14.2.1/../../../../arm-none-eabi/lib/thumb/v7e-m+dp/hard/libm.a(libm_a-math_errf.o)
 .ARM.attributes
                0x0000030e       0x32 /Applications/ArmGNUToolchain/14.2.rel1/arm-none-eabi/bin/../lib/gcc/arm-none-eabi/14.2.1/../../../../arm-none-eabi/lib/thumb/v7e-m+dp/hard/libm.a(libm_a-ef_atan2.o)
 .ARM.attributes
                0x00000340       0x32 /Applications/ArmGNUToolchain/14.2.rel1/arm-none-eabi/bin/../lib/gcc/arm-none-eabi/14.2.1/../../../../arm-none-eabi/lib/thumb/v7e-m+dp/hard/libm.a(libm_a-sf_exp2_data.o)
 .ARM.attributes
                0x00000372       0x32 /Applications/ArmGNUToolchain/14.2.rel1/arm-none-eabi/bin/../lib/gcc/arm-none-eabi/14.2.1/../../../../arm-none-eabi/lib/thumb/v7e-m+dp/hard/libm.a(libm_a-sf_pow_log2_data.o)
 .ARM.attributes
                0x000003a4       0x32 /Applications/ArmGNUToolchain/14.2.rel1/arm-none-eabi/bin/../lib/gcc/arm-none-eabi/14.2.1/../../../../arm-none-eabi/lib/thumb/v7e-m+dp/hard/libm.a(libm_a-sf_atan.o)
 .ARM.attributes
                0x000003d6       0x32 /Applications/ArmGNUToolchain/14.2.rel1/arm-none-eabi/bin/../lib/gcc/arm-none-eabi/14.2.1/../../../../arm-none-eabi/lib/thumb/v7e-m+dp/hard/libm.a(libm_a-sf_fabs.o)
 .ARM.attributes
                0x00000408       0x20 /Applications/ArmGNUToolchain/14.2.rel1/arm-none-eabi/bin/../lib/gcc/arm-none-eabi/14.2.1/thumb/v7e-m+dp/hard/libgcc.a(_aeabi_uldivmod.o)
 .ARM.attributes
                0x00000428       0x32 /Applications/ArmGNUToolchain/14.2.rel1/arm-none-eabi/bin/../lib/gcc/arm-none-eabi/14.2.1/thumb/v7e-m+dp/hard/libgcc.a(_udivmoddi4.o)
 .ARM.attributes
                0x0000045a       0x20 /Applications/ArmGNUToolchain/14.2.rel1/arm-none-eabi/bin/../lib/gcc/arm-none-eabi/14.2.1/thumb/v7e-m+dp/hard/libgcc.a(_dvmd_tls.o)
 .ARM.attributes
                0x0000047a       0x20 /Applications/ArmGNUToolchain/14.2.rel1/arm-none-eabi/bin/../lib/gcc/arm-none-eabi/14.2.1/thumb/v7e-m+dp/hard/crtn.o
OUTPUT(build/lxr02.elf elf32-littlearm)
LOAD linker stubs
LOAD /Applications/ArmGNUToolchain/14.2.rel1/arm-none-eabi/bin/../lib/gcc/arm-none-eabi/14.2.1/../../../../arm-none-eabi/lib/thumb/v7e-m+dp/hard/libc.a
LOAD /Applications/ArmGNUToolchain/14.2.rel1/arm-none-eabi/bin/../lib/gcc/arm-none-eabi/14.2.1/../../../../arm-none-eabi/lib/thumb/v7e-m+dp/hard/libm.a
LOAD /Applications/ArmGNUToolchain/14.2.rel1/arm-none-eabi/bin/../lib/gcc/arm-none-eabi/14.2.1/thumb/v7e-m+dp/hard/libgcc.a

.comment        0x00000000       0x45
 .comment       0x00000000       0x45 /var/folders/5t/gqlg8s7s353ffpt3yk87z4000000gn/T//cc96Q9Ew.ltrans0.ltrans.o
                                 0x46 (size before relaxing)
 .comment       0x00000045       0x46 /var/folders/5t/gqlg8s7s353ffpt3yk87z4000000gn/T//cc96Q9Ew.ltrans1.ltrans.o
 .comment       0x00000045       0x46 /var/folders/5t/gqlg8s7s353ffpt3yk87z4000000gn/T//cc96Q9Ew.ltrans2.ltrans.o

.debug_frame    0x00000000      0x35c
 .debug_frame   0x00000000       0x20 /Applications/ArmGNUToolchain/14.2.rel1/arm-none-eabi/bin/../lib/gcc/arm-none-eabi/14.2.1/../../../../arm-none-eabi/lib/thumb/v7e-m+dp/hard/libc_nano.a(libc_a-memset.o)
 .debug_frame   0x00000020       0x28 /Applications/ArmGNUToolchain/14.2.rel1/arm-none-eabi/bin/../lib/gcc/arm-none-eabi/14.2.1/../../../../arm-none-eabi/lib/thumb/v7e-m+dp/hard/libc_nano.a(libc_a-memcmp.o)
 .debug_frame   0x00000048       0x28 /Applications/ArmGNUToolchain/14.2.rel1/arm-none-eabi/bin/../lib/gcc/arm-none-eabi/14.2.1/../../../../arm-none-eabi/lib/thumb/v7e-m+dp/hard/libc_nano.a(libc_a-memmove.o)
 .debug_frame   0x00000070       0x28 /Applications/ArmGNUToolchain/14.2.rel1/arm-none-eabi/bin/../lib/gcc/arm-none-eabi/14.2.1/../../../../arm-none-eabi/lib/thumb/v7e-m+dp/hard/libc_nano.a(libc_a-strncmp.o)
 .debug_frame   0x00000098       0x28 /Applications/ArmGNUToolchain/14.2.rel1/arm-none-eabi/bin/../lib/gcc/arm-none-eabi/14.2.1/../../../../arm-none-eabi/lib/thumb/v7e-m+dp/hard/libc_nano.a(libc_a-memcpy-stub.o)
 .debug_frame   0x000000c0       0x20 /Applications/ArmGNUToolchain/14.2.rel1/arm-none-eabi/bin/../lib/gcc/arm-none-eabi/14.2.1/../../../../arm-none-eabi/lib/thumb/v7e-m+dp/hard/libc_nano.a(libc_a-strlen.o)
 .debug_frame   0x000000e0       0x20 /Applications/ArmGNUToolchain/14.2.rel1/arm-none-eabi/bin/../lib/gcc/arm-none-eabi/14.2.1/../../../../arm-none-eabi/lib/thumb/v7e-m+dp/hard/libm.a(libm_a-wf_atan2.o)
 .debug_frame   0x00000100       0x30 /Applications/ArmGNUToolchain/14.2.rel1/arm-none-eabi/bin/../lib/gcc/arm-none-eabi/14.2.1/../../../../arm-none-eabi/lib/thumb/v7e-m+dp/hard/libm.a(libm_a-sf_log2.o)
 .debug_frame   0x00000130       0xa4 /Applications/ArmGNUToolchain/14.2.rel1/arm-none-eabi/bin/../lib/gcc/arm-none-eabi/14.2.1/../../../../arm-none-eabi/lib/thumb/v7e-m+dp/hard/libm.a(libm_a-sf_pow.o)
 .debug_frame   0x000001d4       0x98 /Applications/ArmGNUToolchain/14.2.rel1/arm-none-eabi/bin/../lib/gcc/arm-none-eabi/14.2.1/../../../../arm-none-eabi/lib/thumb/v7e-m+dp/hard/libm.a(libm_a-math_errf.o)
 .debug_frame   0x0000026c       0x44 /Applications/ArmGNUToolchain/14.2.rel1/arm-none-eabi/bin/../lib/gcc/arm-none-eabi/14.2.1/../../../../arm-none-eabi/lib/thumb/v7e-m+dp/hard/libm.a(libm_a-ef_atan2.o)
 .debug_frame   0x000002b0       0x2c /Applications/ArmGNUToolchain/14.2.rel1/arm-none-eabi/bin/../lib/gcc/arm-none-eabi/14.2.1/../../../../arm-none-eabi/lib/thumb/v7e-m+dp/hard/libm.a(libm_a-sf_atan.o)
 .debug_frame   0x000002dc       0x20 /Applications/ArmGNUToolchain/14.2.rel1/arm-none-eabi/bin/../lib/gcc/arm-none-eabi/14.2.1/../../../../arm-none-eabi/lib/thumb/v7e-m+dp/hard/libm.a(libm_a-sf_fabs.o)
 .debug_frame   0x000002fc       0x2c /Applications/ArmGNUToolchain/14.2.rel1/arm-none-eabi/bin/../lib/gcc/arm-none-eabi/14.2.1/thumb/v7e-m+dp/hard/libgcc.a(_aeabi_uldivmod.o)
 .debug_frame   0x00000328       0x34 /Applications/ArmGNUToolchain/14.2.rel1/arm-none-eabi/bin/../lib/gcc/arm-none-eabi/14.2.1/thumb/v7e-m+dp/hard/libgcc.a(_udivmoddi4.o)

.debug_line_str
                0x00000000      0x1d2
 .debug_line_str
                0x00000000      0x1d2 /Applications/ArmGNUToolchain/14.2.rel1/arm-none-eabi/bin/../lib/gcc/arm-none-eabi/14.2.1/../../../../arm-none-eabi/lib/thumb/v7e-m+dp/hard/libc_nano.a(libc_a-strlen.o)
                                 0xf4 (size before relaxing)
 .debug_line_str
                0x000001d2       0xd2 /Applications/ArmGNUToolchain/14.2.rel1/arm-none-eabi/bin/../lib/gcc/arm-none-eabi/14.2.1/thumb/v7e-m+dp/hard/libgcc.a(_aeabi_uldivmod.o)
 .debug_line_str
                0x000001d2       0xd6 /Applications/ArmGNUToolchain/14.2.rel1/arm-none-eabi/bin/../lib/gcc/arm-none-eabi/14.2.1/thumb/v7e-m+dp/hard/libgcc.a(_dvmd_tls.o)

Cross Reference Table

Symbol                                            File
BusFault_Handler                                  build/Core/Src/startup_stm32f765xx.o
CodecInit                                         build/Core/Hardware/AudioCodecManager.o (symbol from plugin)
Codec_TIMEOUT_UserCallback                        build/Core/Hardware/USB/App/usbd_usr.o (symbol from plugin)
Cymbal_calcAsync                                  build/Core/DSPAudio/CymbalVoice.o (symbol from plugin)
                                                  build/Core/DSPAudio/mixer.o (symbol from plugin)
Cymbal_calcSyncBlock                              build/Core/DSPAudio/CymbalVoice.o (symbol from plugin)
                                                  build/Core/DSPAudio/mixer.o (symbol from plugin)
Cymbal_init                                       /var/folders/5t/gqlg8s7s353ffpt3yk87z4000000gn/T//cc96Q9Ew.ltrans2.ltrans.o
                                                  build/Core/DSPAudio/CymbalVoice.o (symbol from plugin)
                                                  /var/folders/5t/gqlg8s7s353ffpt3yk87z4000000gn/T//cc96Q9Ew.ltrans0.ltrans.o
                                                  build/main.o (symbol from plugin)
Cymbal_setPan                                     build/Core/DSPAudio/CymbalVoice.o (symbol from plugin)
                                                  build/Core/MIDI/MidiParser.o (symbol from plugin)
Cymbal_trigger                                    /var/folders/5t/gqlg8s7s353ffpt3yk87z4000000gn/T//cc96Q9Ew.ltrans2.ltrans.o
                                                  build/Core/DSPAudio/CymbalVoice.o (symbol from plugin)
                                                  /var/folders/5t/gqlg8s7s353ffpt3yk87z4000000gn/T//cc96Q9Ew.ltrans0.ltrans.o
                                                  build/Core/MIDI/MidiVoiceControl.o (symbol from plugin)
DCD_DevConnect                                    build/Core/Hardware/USB/OTG_Driver/src/usb_dcd.o (symbol from plugin)
                                                  build/Core/Hardware/USB/App/usb_manager.o (symbol from plugin)
DCD_DevDisconnect                                 build/Core/Hardware/USB/OTG_Driver/src/usb_dcd.o (symbol from plugin)
DCD_EP_Close                                      build/Core/Hardware/USB/OTG_Driver/src/usb_dcd.o (symbol from plugin)
                                                  build/Core/Hardware/USB/App/usb_midi_core.o (symbol from plugin)
DCD_EP_ClrStall                                   build/Core/Hardware/USB/OTG_Driver/src/usb_dcd.o (symbol from plugin)
                                                  build/Core/Hardware/USB/Device_Library/src/usbd_req.o (symbol from plugin)
DCD_EP_Flush                                      build/Core/Hardware/USB/OTG_Driver/src/usb_dcd.o (symbol from plugin)
                                                  build/Core/Hardware/USB/App/usb_manager.o (symbol from plugin)
DCD_EP_Open                                       build/Core/Hardware/USB/OTG_Driver/src/usb_dcd.o (symbol from plugin)
                                                  build/Core/Hardware/USB/App/usb_midi_core.o (symbol from plugin)
                                                  build/Core/Hardware/USB/Device_Library/src/usbd_core.o (symbol from plugin)
DCD_EP_PrepareRx                                  build/Core/Hardware/USB/OTG_Driver/src/usb_dcd.o (symbol from plugin)
                                                  build/Core/Hardware/USB/App/usb_midi_core.o (symbol from plugin)
                                                  build/Core/Hardware/USB/Device_Library/src/usbd_ioreq.o (symbol from plugin)
DCD_EP_SetAddress                                 build/Core/Hardware/USB/OTG_Driver/src/usb_dcd.o (symbol from plugin)
                                                  build/Core/Hardware/USB/Device_Library/src/usbd_req.o (symbol from plugin)
DCD_EP_Stall                                      build/Core/Hardware/USB/OTG_Driver/src/usb_dcd.o (symbol from plugin)
                                                  build/Core/Hardware/USB/Device_Library/src/usbd_req.o (symbol from plugin)
                                                  build/Core/Hardware/USB/Device_Library/src/usbd_core.o (symbol from plugin)
DCD_EP_Stall.isra.0                               /var/folders/5t/gqlg8s7s353ffpt3yk87z4000000gn/T//cc96Q9Ew.ltrans2.ltrans.o
                                                  /var/folders/5t/gqlg8s7s353ffpt3yk87z4000000gn/T//cc96Q9Ew.ltrans1.ltrans.o
DCD_EP_Tx                                         build/Core/Hardware/USB/OTG_Driver/src/usb_dcd.o (symbol from plugin)
                                                  build/Core/Hardware/USB/App/usb_manager.o (symbol from plugin)
                                                  build/Core/Hardware/USB/Device_Library/src/usbd_ioreq.o (symbol from plugin)
DCD_GetEPStatus                                   build/Core/Hardware/USB/OTG_Driver/src/usb_dcd.o (symbol from plugin)
DCD_Init                                          build/Core/Hardware/USB/OTG_Driver/src/usb_dcd.o (symbol from plugin)
                                                  build/Core/Hardware/USB/Device_Library/src/usbd_core.o (symbol from plugin)
DCD_SetEPStatus                                   build/Core/Hardware/USB/OTG_Driver/src/usb_dcd.o (symbol from plugin)
DMA1_Stream4_IRQHandler                           /var/folders/5t/gqlg8s7s353ffpt3yk87z4000000gn/T//cc96Q9Ew.ltrans0.ltrans.o
                                                  build/Core/Src/startup_stm32f765xx.o
                                                  build/Core/Hardware/AudioCodecManager.o (symbol from plugin)
DMA1_Stream7_IRQHandler                           /var/folders/5t/gqlg8s7s353ffpt3yk87z4000000gn/T//cc96Q9Ew.ltrans0.ltrans.o
                                                  build/Core/Src/startup_stm32f765xx.o
                                                  build/Core/Hardware/AudioCodecManager.o (symbol from plugin)
DebugMon_Handler                                  build/Core/Src/startup_stm32f765xx.o
DecayEg_calc                                      build/Core/DSPAudio/Decay.o (symbol from plugin)
                                                  build/Core/DSPAudio/Snare.o (symbol from plugin)
                                                  build/Core/DSPAudio/DrumVoice.o (symbol from plugin)
DecayEg_calcSlopeValue                            build/Core/DSPAudio/Decay.o (symbol from plugin)
DecayEg_calcTime                                  build/Core/DSPAudio/Decay.o (symbol from plugin)
DecayEg_init                                      build/Core/DSPAudio/Decay.o (symbol from plugin)
                                                  build/Core/DSPAudio/Snare.o (symbol from plugin)
                                                  build/Core/DSPAudio/DrumVoice.o (symbol from plugin)
DecayEg_setDecay                                  build/Core/DSPAudio/Decay.o (symbol from plugin)
                                                  build/Core/MIDI/MidiParser.o (symbol from plugin)
DecayEg_setSlope                                  build/Core/DSPAudio/Decay.o (symbol from plugin)
                                                  build/Core/MIDI/MidiParser.o (symbol from plugin)
DecayEg_trigger                                   build/Core/DSPAudio/Decay.o (symbol from plugin)
                                                  build/Core/DSPAudio/Snare.o (symbol from plugin)
                                                  build/Core/DSPAudio/DrumVoice.o (symbol from plugin)
Default_Handler                                   build/Core/Src/startup_stm32f765xx.o
Drum_trigger                                      /var/folders/5t/gqlg8s7s353ffpt3yk87z4000000gn/T//cc96Q9Ew.ltrans2.ltrans.o
                                                  build/Core/DSPAudio/DrumVoice.o (symbol from plugin)
                                                  /var/folders/5t/gqlg8s7s353ffpt3yk87z4000000gn/T//cc96Q9Ew.ltrans0.ltrans.o
                                                  build/Core/MIDI/MidiVoiceControl.o (symbol from plugin)
EVAL_AUDIO_TransferComplete_CallBack              build/Core/Hardware/USB/App/usbd_usr.o (symbol from plugin)
EXTI0_IRQHandler                                  build/Core/Src/startup_stm32f765xx.o
                                                  build/Core/Hardware/USB/App/usb_it.o (symbol from plugin)
EXTI15_10_IRQHandler                              build/Core/Src/startup_stm32f765xx.o
                                                  build/Core/Hardware/USB/App/usb_it.o (symbol from plugin)
EXTI1_IRQHandler                                  build/Core/Src/startup_stm32f765xx.o
                                                  build/Core/Hardware/USB/App/usb_it.o (symbol from plugin)
EXTI2_IRQHandler                                  build/Core/Src/startup_stm32f765xx.o
                                                  build/Core/Hardware/USB/App/usb_it.o (symbol from plugin)
EXTI3_IRQHandler                                  build/Core/Src/startup_stm32f765xx.o
EXTI4_IRQHandler                                  /var/folders/5t/gqlg8s7s353ffpt3yk87z4000000gn/T//cc96Q9Ew.ltrans0.ltrans.o
                                                  build/Core/Src/startup_stm32f765xx.o
                                                  build/Core/Hardware/triggerJacks.o (symbol from plugin)
EXTI9_5_IRQHandler                                /var/folders/5t/gqlg8s7s353ffpt3yk87z4000000gn/T//cc96Q9Ew.ltrans0.ltrans.o
                                                  build/Core/Src/startup_stm32f765xx.o
                                                  build/Core/Hardware/triggerJacks.o (symbol from plugin)
GetRngValue                                       build/Core/DSPAudio/random.o (symbol from plugin)
                                                  build/Core/DSPAudio/Oscillator.o (symbol from plugin)
                                                  build/Core/DSPAudio/lfo.o (symbol from plugin)
                                                  build/Core/DSPAudio/dither.o (symbol from plugin)
                                                  build/Core/Sequencer/SomGenerator.o (symbol from plugin)
                                                  build/Core/Sequencer/sequencer.o (symbol from plugin)
HardFault_Handler                                 build/Core/Src/startup_stm32f765xx.o
HiHat_calcAsync                                   build/Core/DSPAudio/HiHat.o (symbol from plugin)
                                                  build/Core/DSPAudio/mixer.o (symbol from plugin)
HiHat_calcSyncBlock                               build/Core/DSPAudio/HiHat.o (symbol from plugin)
                                                  build/Core/DSPAudio/mixer.o (symbol from plugin)
HiHat_init                                        /var/folders/5t/gqlg8s7s353ffpt3yk87z4000000gn/T//cc96Q9Ew.ltrans2.ltrans.o
                                                  build/Core/DSPAudio/HiHat.o (symbol from plugin)
                                                  /var/folders/5t/gqlg8s7s353ffpt3yk87z4000000gn/T//cc96Q9Ew.ltrans0.ltrans.o
                                                  build/main.o (symbol from plugin)
HiHat_setPan                                      build/Core/DSPAudio/HiHat.o (symbol from plugin)
                                                  build/Core/MIDI/MidiParser.o (symbol from plugin)
HiHat_trigger                                     /var/folders/5t/gqlg8s7s353ffpt3yk87z4000000gn/T//cc96Q9Ew.ltrans2.ltrans.o
                                                  build/Core/DSPAudio/HiHat.o (symbol from plugin)
                                                  /var/folders/5t/gqlg8s7s353ffpt3yk87z4000000gn/T//cc96Q9Ew.ltrans0.ltrans.o
                                                  build/Core/MIDI/MidiVoiceControl.o (symbol from plugin)
MIDI_cb                                           build/Core/Hardware/USB/App/usb_midi_core.o (symbol from plugin)
                                                  build/Core/Hardware/USB/App/usb_manager.o (symbol from plugin)
MemManage_Handler                                 build/Core/Src/startup_stm32f765xx.o
NMI_Handler                                       build/Core/Src/startup_stm32f765xx.o
Node_0                                            build/Core/Sequencer/SomData.o (symbol from plugin)
Node_1                                            build/Core/Sequencer/SomData.o (symbol from plugin)
Node_2                                            build/Core/Sequencer/SomData.o (symbol from plugin)
Node_3                                            build/Core/Sequencer/SomData.o (symbol from plugin)
Node_4                                            build/Core/Sequencer/SomData.o (symbol from plugin)
Node_5                                            build/Core/Sequencer/SomData.o (symbol from plugin)
Node_6                                            build/Core/Sequencer/SomData.o (symbol from plugin)
Node_7                                            build/Core/Sequencer/SomData.o (symbol from plugin)
Node_8                                            build/Core/Sequencer/SomData.o (symbol from plugin)
OTG_FS_IRQHandler                                 /var/folders/5t/gqlg8s7s353ffpt3yk87z4000000gn/T//cc96Q9Ew.ltrans1.ltrans.o
                                                  build/Core/Src/startup_stm32f765xx.o
                                                  build/Core/Hardware/USB/App/usb_it.o (symbol from plugin)
PendSV_Handler                                    build/Core/Src/startup_stm32f765xx.o
Reset_Handler                                     build/Core/Src/startup_stm32f765xx.o
SDHC_flag                                         build/Core/Hardware/SD/SPI/sd_routines.o (symbol from plugin)
                                                  build/Core/Hardware/SD/asyncfatfs/sdcard_lxr02.o (symbol from plugin)
SD_init                                           build/Core/Hardware/SD/SPI/sd_routines.o (symbol from plugin)
                                                  build/Core/Hardware/SD/filesystem.o (symbol from plugin)
SD_readSingleBlockCustomBuffer                    build/Core/Hardware/SD/SPI/sd_routines.o (symbol from plugin)
                                                  build/Core/Hardware/SD/filesystem.o (symbol from plugin)
SD_sendCommand                                    build/Core/Hardware/SD/SPI/sd_routines.o (symbol from plugin)
SD_writeSingleBlockCustomBuffer                   build/Core/Hardware/SD/SPI/sd_routines.o (symbol from plugin)
SET_TEST_MODE                                     build/Core/Hardware/USB/Device_Library/src/usbd_core.o (symbol from plugin)
                                                  build/Core/Hardware/USB/Device_Library/src/usbd_req.o (symbol from plugin)
SPI_receive                                       build/Core/Hardware/SD/SPI/spi_sd.o (symbol from plugin)
                                                  build/Core/Hardware/SD/asyncfatfs/sdcard_lxr02.o (symbol from plugin)
                                                  build/Core/Hardware/SD/SPI/sd_routines.o (symbol from plugin)
SPI_transmit                                      /var/folders/5t/gqlg8s7s353ffpt3yk87z4000000gn/T//cc96Q9Ew.ltrans0.ltrans.o
                                                  build/Core/Hardware/SD/SPI/spi_sd.o (symbol from plugin)
                                                  /var/folders/5t/gqlg8s7s353ffpt3yk87z4000000gn/T//cc96Q9Ew.ltrans2.ltrans.o
                                                  build/Core/Hardware/SD/asyncfatfs/sdcard_lxr02.o (symbol from plugin)
                                                  build/Core/Hardware/SD/SPI/sd_routines.o (symbol from plugin)
SVC_Handler                                       build/Core/Src/startup_stm32f765xx.o
SVF_calcBlockZDF                                  build/Core/DSPAudio/ResonantFilter.o (symbol from plugin)
                                                  build/Core/DSPAudio/Snare.o (symbol from plugin)
                                                  build/Core/DSPAudio/HiHat.o (symbol from plugin)
                                                  build/Core/DSPAudio/DrumVoice.o (symbol from plugin)
                                                  build/Core/DSPAudio/CymbalVoice.o (symbol from plugin)
SVF_directSetFilterValue                          build/Core/DSPAudio/ResonantFilter.o (symbol from plugin)
                                                  build/Core/MIDI/MidiParser.o (symbol from plugin)
SVF_init                                          build/Core/DSPAudio/ResonantFilter.o (symbol from plugin)
                                                  build/Core/DSPAudio/Snare.o (symbol from plugin)
                                                  build/Core/DSPAudio/HiHat.o (symbol from plugin)
                                                  build/Core/DSPAudio/DrumVoice.o (symbol from plugin)
                                                  build/Core/DSPAudio/CymbalVoice.o (symbol from plugin)
SVF_recalcFreq                                    build/Core/DSPAudio/ResonantFilter.o (symbol from plugin)
                                                  build/Core/DSPAudio/mixer.o (symbol from plugin)
SVF_reset                                         build/Core/DSPAudio/ResonantFilter.o (symbol from plugin)
                                                  build/Core/DSPAudio/DrumVoice.o (symbol from plugin)
SVF_setDrive                                      build/Core/DSPAudio/ResonantFilter.o (symbol from plugin)
                                                  build/Core/MIDI/MidiParser.o (symbol from plugin)
SVF_setReso                                       build/Core/DSPAudio/ResonantFilter.o (symbol from plugin)
                                                  build/Core/MIDI/MidiParser.o (symbol from plugin)
SnapEg_calc                                       build/Core/DSPAudio/snapEg.o (symbol from plugin)
                                                  build/Core/DSPAudio/Snare.o (symbol from plugin)
                                                  build/Core/DSPAudio/HiHat.o (symbol from plugin)
                                                  build/Core/DSPAudio/DrumVoice.o (symbol from plugin)
                                                  build/Core/DSPAudio/CymbalVoice.o (symbol from plugin)
SnapEg_init                                       build/Core/DSPAudio/snapEg.o (symbol from plugin)
                                                  build/Core/DSPAudio/Snare.o (symbol from plugin)
                                                  build/Core/DSPAudio/HiHat.o (symbol from plugin)
                                                  build/Core/DSPAudio/DrumVoice.o (symbol from plugin)
                                                  build/Core/DSPAudio/CymbalVoice.o (symbol from plugin)
SnapEg_trigger                                    build/Core/DSPAudio/snapEg.o (symbol from plugin)
                                                  build/Core/DSPAudio/Snare.o (symbol from plugin)
                                                  build/Core/DSPAudio/HiHat.o (symbol from plugin)
                                                  build/Core/DSPAudio/DrumVoice.o (symbol from plugin)
                                                  build/Core/DSPAudio/CymbalVoice.o (symbol from plugin)
Snare_calcAsync                                   build/Core/DSPAudio/Snare.o (symbol from plugin)
                                                  build/Core/DSPAudio/mixer.o (symbol from plugin)
Snare_calcSyncBlock                               build/Core/DSPAudio/Snare.o (symbol from plugin)
                                                  build/Core/DSPAudio/mixer.o (symbol from plugin)
Snare_init                                        /var/folders/5t/gqlg8s7s353ffpt3yk87z4000000gn/T//cc96Q9Ew.ltrans2.ltrans.o
                                                  build/Core/DSPAudio/Snare.o (symbol from plugin)
                                                  /var/folders/5t/gqlg8s7s353ffpt3yk87z4000000gn/T//cc96Q9Ew.ltrans0.ltrans.o
                                                  build/main.o (symbol from plugin)
Snare_setPan                                      build/Core/DSPAudio/Snare.o (symbol from plugin)
                                                  build/Core/MIDI/MidiParser.o (symbol from plugin)
Snare_trigger                                     /var/folders/5t/gqlg8s7s353ffpt3yk87z4000000gn/T//cc96Q9Ew.ltrans2.ltrans.o
                                                  build/Core/DSPAudio/Snare.o (symbol from plugin)
                                                  /var/folders/5t/gqlg8s7s353ffpt3yk87z4000000gn/T//cc96Q9Ew.ltrans0.ltrans.o
                                                  build/Core/MIDI/MidiVoiceControl.o (symbol from plugin)
SysTick_Handler                                   /var/folders/5t/gqlg8s7s353ffpt3yk87z4000000gn/T//cc96Q9Ew.ltrans0.ltrans.o
                                                  build/Core/Src/startup_stm32f765xx.o
                                                  build/Core/Hardware/timebase.o (symbol from plugin)
TIM1_CC_IRQHandler                                /var/folders/5t/gqlg8s7s353ffpt3yk87z4000000gn/T//cc96Q9Ew.ltrans0.ltrans.o
                                                  build/Core/Hardware/frontPanel/IO/encoder.o (symbol from plugin)
                                                  build/Core/Src/startup_stm32f765xx.o
TIM3_IRQHandler                                   /var/folders/5t/gqlg8s7s353ffpt3yk87z4000000gn/T//cc96Q9Ew.ltrans1.ltrans.o
                                                  build/Core/Src/startup_stm32f765xx.o
                                                  build/Core/Sequencer/sequencerTimer.o (symbol from plugin)
TIM6_DAC_IRQHandler                               /var/folders/5t/gqlg8s7s353ffpt3yk87z4000000gn/T//cc96Q9Ew.ltrans0.ltrans.o
                                                  build/Core/Hardware/timebase.o (symbol from plugin)
                                                  build/Core/Src/startup_stm32f765xx.o
TIM7_IRQHandler                                   /var/folders/5t/gqlg8s7s353ffpt3yk87z4000000gn/T//cc96Q9Ew.ltrans0.ltrans.o
                                                  build/Core/Hardware/timebase.o (symbol from plugin)
                                                  build/Core/Src/startup_stm32f765xx.o
USART3_IRQHandler                                 /var/folders/5t/gqlg8s7s353ffpt3yk87z4000000gn/T//cc96Q9Ew.ltrans1.ltrans.o
                                                  build/Core/Src/startup_stm32f765xx.o
                                                  build/Core/MIDI/Uart.o (symbol from plugin)
USBD_ClrCfg                                       build/Core/Hardware/USB/Device_Library/src/usbd_core.o (symbol from plugin)
                                                  build/Core/Hardware/USB/Device_Library/src/usbd_req.o (symbol from plugin)
USBD_CtlContinueRx                                build/Core/Hardware/USB/Device_Library/src/usbd_ioreq.o (symbol from plugin)
                                                  build/Core/Hardware/USB/Device_Library/src/usbd_core.o (symbol from plugin)
USBD_CtlContinueSendData                          build/Core/Hardware/USB/Device_Library/src/usbd_ioreq.o (symbol from plugin)
                                                  build/Core/Hardware/USB/Device_Library/src/usbd_core.o (symbol from plugin)
USBD_CtlError                                     build/Core/Hardware/USB/Device_Library/src/usbd_req.o (symbol from plugin)
USBD_CtlError.isra.0                              /var/folders/5t/gqlg8s7s353ffpt3yk87z4000000gn/T//cc96Q9Ew.ltrans2.ltrans.o
                                                  /var/folders/5t/gqlg8s7s353ffpt3yk87z4000000gn/T//cc96Q9Ew.ltrans1.ltrans.o
USBD_CtlPrepareRx                                 build/Core/Hardware/USB/Device_Library/src/usbd_ioreq.o (symbol from plugin)
USBD_CtlReceiveStatus                             build/Core/Hardware/USB/Device_Library/src/usbd_ioreq.o (symbol from plugin)
                                                  build/Core/Hardware/USB/Device_Library/src/usbd_core.o (symbol from plugin)
USBD_CtlSendData                                  build/Core/Hardware/USB/Device_Library/src/usbd_ioreq.o (symbol from plugin)
                                                  build/Core/Hardware/USB/Device_Library/src/usbd_req.o (symbol from plugin)
USBD_CtlSendStatus                                build/Core/Hardware/USB/Device_Library/src/usbd_ioreq.o (symbol from plugin)
                                                  build/Core/Hardware/USB/Device_Library/src/usbd_req.o (symbol from plugin)
                                                  build/Core/Hardware/USB/Device_Library/src/usbd_core.o (symbol from plugin)
USBD_DCD_INT_cb                                   build/Core/Hardware/USB/Device_Library/src/usbd_core.o (symbol from plugin)
USBD_DCD_INT_fops                                 build/Core/Hardware/USB/Device_Library/src/usbd_core.o (symbol from plugin)
                                                  build/Core/Hardware/USB/OTG_Driver/src/usb_dcd_int.o (symbol from plugin)
USBD_DeInit                                       build/Core/Hardware/USB/Device_Library/src/usbd_core.o (symbol from plugin)
                                                  build/Core/Hardware/USB/App/usb_manager.o (symbol from plugin)
USBD_DeviceDesc                                   build/Core/Hardware/USB/App/usbd_desc.o (symbol from plugin)
USBD_DeviceQualifierDesc                          build/Core/Hardware/USB/App/usbd_desc.o (symbol from plugin)
USBD_GetRxCount                                   build/Core/Hardware/USB/Device_Library/src/usbd_ioreq.o (symbol from plugin)
USBD_GetString                                    build/Core/Hardware/USB/Device_Library/src/usbd_req.o (symbol from plugin)
                                                  build/Core/Hardware/USB/App/usbd_desc.o (symbol from plugin)
USBD_GetString.part.0.constprop.0                 /var/folders/5t/gqlg8s7s353ffpt3yk87z4000000gn/T//cc96Q9Ew.ltrans2.ltrans.o
                                                  /var/folders/5t/gqlg8s7s353ffpt3yk87z4000000gn/T//cc96Q9Ew.ltrans1.ltrans.o
USBD_Init                                         build/Core/Hardware/USB/Device_Library/src/usbd_core.o (symbol from plugin)
                                                  build/Core/Hardware/USB/App/usb_manager.o (symbol from plugin)
USBD_LangIDDesc                                   build/Core/Hardware/USB/App/usbd_desc.o (symbol from plugin)
USBD_OTG_ISR_Handler                              build/Core/Hardware/USB/OTG_Driver/src/usb_dcd_int.o (symbol from plugin)
                                                  build/Core/Hardware/USB/App/usb_it.o (symbol from plugin)
USBD_ParseSetupRequest                            build/Core/Hardware/USB/Device_Library/src/usbd_req.o (symbol from plugin)
                                                  build/Core/Hardware/USB/Device_Library/src/usbd_core.o (symbol from plugin)
USBD_SetCfg                                       build/Core/Hardware/USB/Device_Library/src/usbd_core.o (symbol from plugin)
                                                  build/Core/Hardware/USB/Device_Library/src/usbd_req.o (symbol from plugin)
USBD_StdDevReq                                    build/Core/Hardware/USB/Device_Library/src/usbd_req.o (symbol from plugin)
                                                  build/Core/Hardware/USB/Device_Library/src/usbd_core.o (symbol from plugin)
USBD_StdEPReq                                     build/Core/Hardware/USB/Device_Library/src/usbd_req.o (symbol from plugin)
                                                  build/Core/Hardware/USB/Device_Library/src/usbd_core.o (symbol from plugin)
USBD_StdItfReq                                    build/Core/Hardware/USB/Device_Library/src/usbd_req.o (symbol from plugin)
                                                  build/Core/Hardware/USB/Device_Library/src/usbd_core.o (symbol from plugin)
USBD_StrDesc                                      /var/folders/5t/gqlg8s7s353ffpt3yk87z4000000gn/T//cc96Q9Ew.ltrans1.ltrans.o
                                                  build/Core/Hardware/USB/Device_Library/src/usbd_req.o (symbol from plugin)
                                                  /var/folders/5t/gqlg8s7s353ffpt3yk87z4000000gn/T//cc96Q9Ew.ltrans2.ltrans.o
                                                  build/Core/Hardware/USB/App/usbd_desc.o (symbol from plugin)
USBD_USR_ConfigStrDescriptor                      build/Core/Hardware/USB/App/usbd_desc.o (symbol from plugin)
USBD_USR_DeviceConfigured                         build/Core/Hardware/USB/App/usbd_usr.o (symbol from plugin)
USBD_USR_DeviceConnected                          build/Core/Hardware/USB/App/usbd_usr.o (symbol from plugin)
USBD_USR_DeviceDescriptor                         build/Core/Hardware/USB/App/usbd_desc.o (symbol from plugin)
USBD_USR_DeviceDisconnected                       build/Core/Hardware/USB/App/usbd_usr.o (symbol from plugin)
USBD_USR_DeviceReset                              /var/folders/5t/gqlg8s7s353ffpt3yk87z4000000gn/T//cc96Q9Ew.ltrans0.ltrans.o
                                                  build/Core/Hardware/USB/App/usbd_usr.o (symbol from plugin)
                                                  /var/folders/5t/gqlg8s7s353ffpt3yk87z4000000gn/T//cc96Q9Ew.ltrans1.ltrans.o
USBD_USR_DeviceResumed                            build/Core/Hardware/USB/App/usbd_usr.o (symbol from plugin)
USBD_USR_DeviceSuspended                          build/Core/Hardware/USB/App/usbd_usr.o (symbol from plugin)
USBD_USR_Init                                     build/Core/Hardware/USB/App/usbd_usr.o (symbol from plugin)
USBD_USR_InterfaceStrDescriptor                   build/Core/Hardware/USB/App/usbd_desc.o (symbol from plugin)
USBD_USR_LangIDStrDescriptor                      build/Core/Hardware/USB/App/usbd_desc.o (symbol from plugin)
USBD_USR_ManufacturerStrDescriptor                build/Core/Hardware/USB/App/usbd_desc.o (symbol from plugin)
USBD_USR_ProductStrDescriptor                     build/Core/Hardware/USB/App/usbd_desc.o (symbol from plugin)
USBD_USR_SerialStrDescriptor                      build/Core/Hardware/USB/App/usbd_desc.o (symbol from plugin)
USBD_cfg_status                                   build/Core/Hardware/USB/Device_Library/src/usbd_req.o (symbol from plugin)
USBD_default_cfg                                  build/Core/Hardware/USB/Device_Library/src/usbd_req.o (symbol from plugin)
USBD_ep_status                                    build/Core/Hardware/USB/Device_Library/src/usbd_req.o (symbol from plugin)
USB_OTG_ActiveRemoteWakeup                        build/Core/Hardware/USB/OTG_Driver/src/usb_core.o (symbol from plugin)
USB_OTG_BSP_EnableInterrupt                       build/Core/Hardware/USB/App/usb_bsp.o (symbol from plugin)
                                                  build/Core/Hardware/USB/Device_Library/src/usbd_core.o (symbol from plugin)
USB_OTG_BSP_Init                                  build/Core/Hardware/USB/App/usb_bsp.o (symbol from plugin)
                                                  build/Core/Hardware/USB/Device_Library/src/usbd_core.o (symbol from plugin)
USB_OTG_BSP_mDelay                                build/Core/Hardware/USB/App/usb_bsp.o (symbol from plugin)
                                                  build/Core/Hardware/USB/OTG_Driver/src/usb_dcd.o (symbol from plugin)
                                                  build/Core/Hardware/USB/OTG_Driver/src/usb_core.o (symbol from plugin)
USB_OTG_BSP_uDelay                                build/Core/Hardware/USB/App/usb_bsp.o (symbol from plugin)
                                                  build/Core/Hardware/USB/OTG_Driver/src/usb_core.o (symbol from plugin)
USB_OTG_CoreInit                                  build/Core/Hardware/USB/OTG_Driver/src/usb_core.o (symbol from plugin)
                                                  build/Core/Hardware/USB/OTG_Driver/src/usb_dcd.o (symbol from plugin)
USB_OTG_CoreInitDev                               build/Core/Hardware/USB/OTG_Driver/src/usb_core.o (symbol from plugin)
                                                  build/Core/Hardware/USB/OTG_Driver/src/usb_dcd.o (symbol from plugin)
USB_OTG_CoreReset.constprop.0.isra.0              /var/folders/5t/gqlg8s7s353ffpt3yk87z4000000gn/T//cc96Q9Ew.ltrans2.ltrans.o
                                                  /var/folders/5t/gqlg8s7s353ffpt3yk87z4000000gn/T//cc96Q9Ew.ltrans1.ltrans.o
USB_OTG_DisableGlobalInt                          build/Core/Hardware/USB/OTG_Driver/src/usb_core.o (symbol from plugin)
                                                  build/Core/Hardware/USB/OTG_Driver/src/usb_dcd.o (symbol from plugin)
USB_OTG_EP0Activate                               build/Core/Hardware/USB/OTG_Driver/src/usb_core.o (symbol from plugin)
                                                  build/Core/Hardware/USB/OTG_Driver/src/usb_dcd_int.o (symbol from plugin)
USB_OTG_EP0StartXfer                              build/Core/Hardware/USB/OTG_Driver/src/usb_core.o (symbol from plugin)
                                                  build/Core/Hardware/USB/OTG_Driver/src/usb_dcd.o (symbol from plugin)
USB_OTG_EP0StartXfer.isra.0                       /var/folders/5t/gqlg8s7s353ffpt3yk87z4000000gn/T//cc96Q9Ew.ltrans2.ltrans.o
                                                  /var/folders/5t/gqlg8s7s353ffpt3yk87z4000000gn/T//cc96Q9Ew.ltrans1.ltrans.o
USB_OTG_EP0_OutStart                              build/Core/Hardware/USB/OTG_Driver/src/usb_core.o (symbol from plugin)
                                                  build/Core/Hardware/USB/Device_Library/src/usbd_req.o (symbol from plugin)
                                                  build/Core/Hardware/USB/Device_Library/src/usbd_ioreq.o (symbol from plugin)
                                                  build/Core/Hardware/USB/OTG_Driver/src/usb_dcd_int.o (symbol from plugin)
USB_OTG_EPActivate                                build/Core/Hardware/USB/OTG_Driver/src/usb_core.o (symbol from plugin)
                                                  build/Core/Hardware/USB/OTG_Driver/src/usb_dcd.o (symbol from plugin)
USB_OTG_EPActivate.isra.0                         /var/folders/5t/gqlg8s7s353ffpt3yk87z4000000gn/T//cc96Q9Ew.ltrans2.ltrans.o
                                                  /var/folders/5t/gqlg8s7s353ffpt3yk87z4000000gn/T//cc96Q9Ew.ltrans1.ltrans.o
USB_OTG_EPClearStall                              build/Core/Hardware/USB/OTG_Driver/src/usb_core.o (symbol from plugin)
                                                  build/Core/Hardware/USB/OTG_Driver/src/usb_dcd.o (symbol from plugin)
USB_OTG_EPDeactivate                              build/Core/Hardware/USB/OTG_Driver/src/usb_core.o (symbol from plugin)
                                                  build/Core/Hardware/USB/OTG_Driver/src/usb_dcd.o (symbol from plugin)
USB_OTG_EPSetStall                                build/Core/Hardware/USB/OTG_Driver/src/usb_core.o (symbol from plugin)
                                                  build/Core/Hardware/USB/OTG_Driver/src/usb_dcd.o (symbol from plugin)
USB_OTG_EPStartXfer                               build/Core/Hardware/USB/OTG_Driver/src/usb_core.o (symbol from plugin)
                                                  build/Core/Hardware/USB/OTG_Driver/src/usb_dcd.o (symbol from plugin)
USB_OTG_EPStartXfer.isra.0                        /var/folders/5t/gqlg8s7s353ffpt3yk87z4000000gn/T//cc96Q9Ew.ltrans2.ltrans.o
                                                  /var/folders/5t/gqlg8s7s353ffpt3yk87z4000000gn/T//cc96Q9Ew.ltrans1.ltrans.o
                                                  /var/folders/5t/gqlg8s7s353ffpt3yk87z4000000gn/T//cc96Q9Ew.ltrans0.ltrans.o
USB_OTG_EnableDevInt                              build/Core/Hardware/USB/OTG_Driver/src/usb_core.o (symbol from plugin)
USB_OTG_EnableGlobalInt                           build/Core/Hardware/USB/OTG_Driver/src/usb_core.o (symbol from plugin)
                                                  build/Core/Hardware/USB/OTG_Driver/src/usb_dcd.o (symbol from plugin)
USB_OTG_FlushRxFifo                               build/Core/Hardware/USB/OTG_Driver/src/usb_core.o (symbol from plugin)
                                                  build/Core/Hardware/USB/OTG_Driver/src/usb_dcd.o (symbol from plugin)
USB_OTG_FlushTxFifo                               build/Core/Hardware/USB/OTG_Driver/src/usb_core.o (symbol from plugin)
                                                  build/Core/Hardware/USB/OTG_Driver/src/usb_dcd_int.o (symbol from plugin)
                                                  build/Core/Hardware/USB/OTG_Driver/src/usb_dcd.o (symbol from plugin)
USB_OTG_FlushTxFifo.constprop.0.isra.0            /var/folders/5t/gqlg8s7s353ffpt3yk87z4000000gn/T//cc96Q9Ew.ltrans2.ltrans.o
                                                  /var/folders/5t/gqlg8s7s353ffpt3yk87z4000000gn/T//cc96Q9Ew.ltrans1.ltrans.o
                                                  /var/folders/5t/gqlg8s7s353ffpt3yk87z4000000gn/T//cc96Q9Ew.ltrans0.ltrans.o
USB_OTG_GetDeviceSpeed                            build/Core/Hardware/USB/OTG_Driver/src/usb_core.o (symbol from plugin)
                                                  build/Core/Hardware/USB/OTG_Driver/src/usb_dcd_int.o (symbol from plugin)
USB_OTG_GetEPStatus                               build/Core/Hardware/USB/OTG_Driver/src/usb_core.o (symbol from plugin)
                                                  build/Core/Hardware/USB/OTG_Driver/src/usb_dcd.o (symbol from plugin)
USB_OTG_GetMode                                   build/Core/Hardware/USB/OTG_Driver/src/usb_core.o (symbol from plugin)
USB_OTG_InitDevSpeed                              build/Core/Hardware/USB/OTG_Driver/src/usb_core.o (symbol from plugin)
USB_OTG_IsDeviceMode                              build/Core/Hardware/USB/OTG_Driver/src/usb_core.o (symbol from plugin)
                                                  build/Core/Hardware/USB/OTG_Driver/src/usb_dcd_int.o (symbol from plugin)
USB_OTG_IsHostMode                                build/Core/Hardware/USB/OTG_Driver/src/usb_core.o (symbol from plugin)
USB_OTG_ReadCoreItr                               build/Core/Hardware/USB/OTG_Driver/src/usb_core.o (symbol from plugin)
                                                  build/Core/Hardware/USB/OTG_Driver/src/usb_dcd_int.o (symbol from plugin)
USB_OTG_ReadDevAllInEPItr                         build/Core/Hardware/USB/OTG_Driver/src/usb_core.o (symbol from plugin)
                                                  build/Core/Hardware/USB/OTG_Driver/src/usb_dcd_int.o (symbol from plugin)
USB_OTG_ReadDevAllOutEp_itr                       build/Core/Hardware/USB/OTG_Driver/src/usb_core.o (symbol from plugin)
                                                  build/Core/Hardware/USB/OTG_Driver/src/usb_dcd_int.o (symbol from plugin)
USB_OTG_ReadDevOutEP_itr                          build/Core/Hardware/USB/OTG_Driver/src/usb_core.o (symbol from plugin)
                                                  build/Core/Hardware/USB/OTG_Driver/src/usb_dcd_int.o (symbol from plugin)
USB_OTG_ReadOtgItr                                build/Core/Hardware/USB/OTG_Driver/src/usb_core.o (symbol from plugin)
USB_OTG_ReadPacket                                build/Core/Hardware/USB/OTG_Driver/src/usb_core.o (symbol from plugin)
                                                  build/Core/Hardware/USB/OTG_Driver/src/usb_dcd_int.o (symbol from plugin)
USB_OTG_SelectCore                                build/Core/Hardware/USB/OTG_Driver/src/usb_core.o (symbol from plugin)
                                                  build/Core/Hardware/USB/OTG_Driver/src/usb_dcd.o (symbol from plugin)
USB_OTG_SetCurrentMode                            build/Core/Hardware/USB/OTG_Driver/src/usb_core.o (symbol from plugin)
                                                  build/Core/Hardware/USB/OTG_Driver/src/usb_dcd.o (symbol from plugin)
USB_OTG_SetEPStatus                               build/Core/Hardware/USB/OTG_Driver/src/usb_core.o (symbol from plugin)
                                                  build/Core/Hardware/USB/OTG_Driver/src/usb_dcd.o (symbol from plugin)
USB_OTG_StopDevice                                build/Core/Hardware/USB/OTG_Driver/src/usb_core.o (symbol from plugin)
USB_OTG_UngateClock                               build/Core/Hardware/USB/OTG_Driver/src/usb_core.o (symbol from plugin)
USB_OTG_WritePacket                               build/Core/Hardware/USB/OTG_Driver/src/usb_core.o (symbol from plugin)
                                                  build/Core/Hardware/USB/OTG_Driver/src/usb_dcd_int.o (symbol from plugin)
USB_OTG_dev                                       /var/folders/5t/gqlg8s7s353ffpt3yk87z4000000gn/T//cc96Q9Ew.ltrans0.ltrans.o
                                                  build/Core/Hardware/USB/App/usb_manager.o (symbol from plugin)
                                                  /var/folders/5t/gqlg8s7s353ffpt3yk87z4000000gn/T//cc96Q9Ew.ltrans2.ltrans.o
                                                  /var/folders/5t/gqlg8s7s353ffpt3yk87z4000000gn/T//cc96Q9Ew.ltrans1.ltrans.o
                                                  build/Core/Hardware/USB/App/usb_it.o (symbol from plugin)
USR_cb                                            build/Core/Hardware/USB/App/usbd_usr.o (symbol from plugin)
                                                  build/Core/Hardware/USB/App/usb_manager.o (symbol from plugin)
USR_desc                                          build/Core/Hardware/USB/App/usbd_desc.o (symbol from plugin)
                                                  build/Core/Hardware/USB/App/usb_manager.o (symbol from plugin)
UsageFault_Handler                                build/Core/Src/startup_stm32f765xx.o
_ITM_deregisterTMCloneTable                       /Applications/ArmGNUToolchain/14.2.rel1/arm-none-eabi/bin/../lib/gcc/arm-none-eabi/14.2.1/thumb/v7e-m+dp/hard/crtbegin.o
_ITM_registerTMCloneTable                         /Applications/ArmGNUToolchain/14.2.rel1/arm-none-eabi/bin/../lib/gcc/arm-none-eabi/14.2.1/thumb/v7e-m+dp/hard/crtbegin.o
__TMC_END__                                       /Applications/ArmGNUToolchain/14.2.rel1/arm-none-eabi/bin/../lib/gcc/arm-none-eabi/14.2.1/thumb/v7e-m+dp/hard/crtend.o
                                                  /Applications/ArmGNUToolchain/14.2.rel1/arm-none-eabi/bin/../lib/gcc/arm-none-eabi/14.2.1/thumb/v7e-m+dp/hard/crtbegin.o
__adddf3                                          /Applications/ArmGNUToolchain/14.2.rel1/arm-none-eabi/bin/../lib/gcc/arm-none-eabi/14.2.1/thumb/v7e-m+dp/hard/libgcc.a(_arm_addsubdf3.o)
__aeabi_dadd                                      /Applications/ArmGNUToolchain/14.2.rel1/arm-none-eabi/bin/../lib/gcc/arm-none-eabi/14.2.1/thumb/v7e-m+dp/hard/libgcc.a(_arm_addsubdf3.o)
__aeabi_drsub                                     /Applications/ArmGNUToolchain/14.2.rel1/arm-none-eabi/bin/../lib/gcc/arm-none-eabi/14.2.1/thumb/v7e-m+dp/hard/libgcc.a(_arm_addsubdf3.o)
__aeabi_dsub                                      /Applications/ArmGNUToolchain/14.2.rel1/arm-none-eabi/bin/../lib/gcc/arm-none-eabi/14.2.1/thumb/v7e-m+dp/hard/libgcc.a(_arm_addsubdf3.o)
__aeabi_f2d                                       /Applications/ArmGNUToolchain/14.2.rel1/arm-none-eabi/bin/../lib/gcc/arm-none-eabi/14.2.1/thumb/v7e-m+dp/hard/libgcc.a(_arm_addsubdf3.o)
__aeabi_i2d                                       /Applications/ArmGNUToolchain/14.2.rel1/arm-none-eabi/bin/../lib/gcc/arm-none-eabi/14.2.1/thumb/v7e-m+dp/hard/libgcc.a(_arm_addsubdf3.o)
__aeabi_idiv0                                     /Applications/ArmGNUToolchain/14.2.rel1/arm-none-eabi/bin/../lib/gcc/arm-none-eabi/14.2.1/thumb/v7e-m+dp/hard/libgcc.a(_dvmd_tls.o)